 win32_handmade

 Timestamp is 5b352f94 (Thu Jun 28 14:57:24 2018)

 Preferred load address is 0000000140000000

 Start         Length     Name                   Class
 0001:00000000 000600e0H .text$mn                CODE
 0001:000600e0 00001110H .text$mn$00             CODE
 0001:000611f0 00001791H .text$x                 CODE
 0002:00000000 00000110H .CRT$XCA                DATA
 0002:00000110 00000110H .CRT$XCAA               DATA
 0002:00000220 00000110H .CRT$XCZ                DATA
 0002:00000330 00000110H .CRT$XIA                DATA
 0002:00000440 00000110H .CRT$XIAA               DATA
 0002:00000550 00000110H .CRT$XIAC               DATA
 0002:00000660 00000130H .CRT$XIC                DATA
 0002:00000790 00000110H .CRT$XIZ                DATA
 0002:000008a0 00000110H .CRT$XPA                DATA
 0002:000009b0 00000120H .CRT$XPX                DATA
 0002:00000ad0 00000110H .CRT$XPXA               DATA
 0002:00000be0 00000110H .CRT$XPZ                DATA
 0002:00000cf0 00000110H .CRT$XTA                DATA
 0002:00000e00 00000110H .CRT$XTZ                DATA
 0002:00000f10 0000bfd8H .rdata                  DATA
 0002:0000cee8 000004ecH .rdata$r                DATA
 0002:0000d3d4 00000174H .rdata$zzzdbg           DATA
 0002:0000d548 00000110H .rtc$IAA                DATA
 0002:0000d658 00000110H .rtc$IZZ                DATA
 0002:0000d768 00000110H .rtc$TAA                DATA
 0002:0000d878 00000110H .rtc$TZZ                DATA
 0002:0000d988 00005790H .xdata                  DATA
 0002:00013118 00000000H .edata                  DATA
 0003:00000000 00000c50H .data                   DATA
 0003:00000c50 00000230H .data$r                 DATA
 0003:00000e80 00002071H .bss                    DATA
 0004:00000000 000047e8H .pdata                  DATA
 0005:00000000 000004d0H .idata$5                DATA
 0005:000004d0 0000003cH .idata$2                DATA
 0005:0000050c 00000014H .idata$3                DATA
 0005:00000520 000004d0H .idata$4                DATA
 0005:000009f0 00000942H .idata$6                DATA
 0006:00000000 0000013fH .00cfg                  DATA

  Address         Publics by Value              Rva+Base               Lib:Object

 0000:00000000       __guard_longjmp_table      0000000000000000     <absolute>
 0000:00000000       __hybrid_code_map_count    0000000000000000     <absolute>
 0000:00000000       __hybrid_auxiliary_iat     0000000000000000     <absolute>
 0000:00000000       __guard_iat_table          0000000000000000     <absolute>
 0000:00000000       __guard_iat_count          0000000000000000     <absolute>
 0000:00000000       __guard_fids_count         0000000000000000     <absolute>
 0000:00000000       __hybrid_code_map          0000000000000000     <absolute>
 0000:00000000       __enclave_config           0000000000000000     <absolute>
 0000:00000000       __guard_fids_table         0000000000000000     <absolute>
 0000:00000000       __guard_longjmp_count      0000000000000000     <absolute>
 0000:00000000       __dynamic_value_reloc_table 0000000000000000     <absolute>
 0000:00000000       ___safe_se_handler_count   0000000000000000     <absolute>
 0000:00000000       ___safe_se_handler_table   0000000000000000     <absolute>
 0000:00000100       __guard_flags              0000000000000100     <absolute>
 0000:00000000       __ImageBase                0000000140000000     <linker-defined>
 0001:000058d0       WinMain                    00000001400068d0 f   win32_handmade.obj
 0001:00006450       ?XInputGetStateStub@@YAKKPEAU_XINPUT_STATE@@@Z 0000000140007450 f   win32_handmade.obj
 0001:00006470       ?XInputSetStateStub@@YAKKPEAU_XINPUT_VIBRATION@@@Z 0000000140007470 f   win32_handmade.obj
 0001:00006930       ?Win32MainWindowCallback@@YA_JPEAUHWND__@@I_K_J@Z 0000000140007930 f   win32_handmade.obj
 0001:000079f6       TranslateMessage           00000001400089f6 f   user32:USER32.dll
 0001:000079fc       DispatchMessageA           00000001400089fc f   user32:USER32.dll
 0001:00007a02       PeekMessageA               0000000140008a02 f   user32:USER32.dll
 0001:00007a08       DefWindowProcA             0000000140008a08 f   user32:USER32.dll
 0001:00007a0e       RegisterClassA             0000000140008a0e f   user32:USER32.dll
 0001:00007a14       CreateWindowExA            0000000140008a14 f   user32:USER32.dll
 0001:00007a1a       GetDC                      0000000140008a1a f   user32:USER32.dll
 0001:00007a20       BeginPaint                 0000000140008a20 f   user32:USER32.dll
 0001:00007a26       EndPaint                   0000000140008a26 f   user32:USER32.dll
 0001:00007a2c       GetClientRect              0000000140008a2c f   user32:USER32.dll
 0001:00007a32       StretchDIBits              0000000140008a32 f   gdi32:GDI32.dll
 0001:00007a38       __GSHandlerCheck           0000000140008a38 f   LIBCMT:_gshandler_.obj
 0001:00007a5c       __GSHandlerCheckCommon     0000000140008a5c f   LIBCMT:_gshandler_.obj
 0001:00007ae0       __security_check_cookie    0000000140008ae0 f   LIBCMT:_amdsecgs_.obj
 0001:00007e1c       ?configure_argv@__scrt_narrow_argv_policy@@SAHXZ 0000000140008e1c f i LIBCMT:exe_winmain.obj
 0001:00007e38       ?initialize_environment@__scrt_narrow_environment_policy@@SAHXZ 0000000140008e38 f i LIBCMT:exe_winmain.obj
 0001:00007e78       ?set_app_type@__scrt_winmain_policy@@SAXXZ 0000000140008e78 f i LIBCMT:exe_winmain.obj
 0001:00007e84       ?set_commode@__scrt_file_policy@@SAXXZ 0000000140008e84 f i LIBCMT:exe_winmain.obj
 0001:00007ea8       ?set_fmode@__scrt_file_policy@@SAXXZ 0000000140008ea8 f i LIBCMT:exe_winmain.obj
 0001:00007ec4       WinMainCRTStartup          0000000140008ec4 f   LIBCMT:exe_winmain.obj
 0001:00007edc       __raise_securityfailure    0000000140008edc f   LIBCMT:gs_report.obj
 0001:00007f20       __report_gsfailure         0000000140008f20 f   LIBCMT:gs_report.obj
 0001:00008028       __report_rangecheckfailure 0000000140009028 f   LIBCMT:gs_report.obj
 0001:00008040       __report_securityfailure   0000000140009040 f   LIBCMT:gs_report.obj
 0001:00008104       __report_securityfailureEx 0000000140009104 f   LIBCMT:gs_report.obj
 0001:00008370       ??$__crt_fast_decode_pointer@PEAP6AXXZ@@YAPEAP6AXXZQEAP6AXXZ@Z 0000000140009370 f i LIBCMT:utility.obj
 0001:0000838c       ??$__crt_fast_encode_pointer@PEAP6AXXZ@@YAPEAP6AXXZQEAP6AXXZ@Z 000000014000938c f i LIBCMT:utility.obj
 0001:000083b4       ?__crt_rotate_pointer_value@@YA_K_KH@Z 00000001400093b4 f i LIBCMT:utility.obj
 0001:00008458       NtCurrentTeb               0000000140009458 f i LIBCMT:utility.obj
 0001:00008464       __scrt_acquire_startup_lock 0000000140009464 f   LIBCMT:utility.obj
 0001:000084ac       __scrt_dllmain_after_initialize_c 00000001400094ac f   LIBCMT:utility.obj
 0001:000084f0       __scrt_dllmain_before_initialize_c 00000001400094f0 f   LIBCMT:utility.obj
 0001:0000850c       __scrt_dllmain_crt_thread_attach 000000014000950c f   LIBCMT:utility.obj
 0001:00008540       __scrt_dllmain_crt_thread_detach 0000000140009540 f   LIBCMT:utility.obj
 0001:0000855c       __scrt_dllmain_exception_filter 000000014000955c f   LIBCMT:utility.obj
 0001:000085d8       __scrt_dllmain_uninitialize_c 00000001400095d8 f   LIBCMT:utility.obj
 0001:00008614       __scrt_dllmain_uninitialize_critical 0000000140009614 f   LIBCMT:utility.obj
 0001:00008630       __scrt_initialize_crt      0000000140009630 f   LIBCMT:utility.obj
 0001:0000868c       __scrt_initialize_onexit_tables 000000014000968c f   LIBCMT:utility.obj
 0001:000087a4       __scrt_is_nonwritable_in_current_image 00000001400097a4 f   LIBCMT:utility.obj
 0001:00008864       __scrt_release_startup_lock 0000000140009864 f   LIBCMT:utility.obj
 0001:00008894       __scrt_uninitialize_crt    0000000140009894 f   LIBCMT:utility.obj
 0001:000088cc       _onexit                    00000001400098cc f   LIBCMT:utility.obj
 0001:00008930       at_quick_exit              0000000140009930 f   LIBCMT:utility.obj
 0001:00008974       atexit                     0000000140009974 f   LIBCMT:utility.obj
 0001:00008a18       __security_init_cookie     0000000140009a18 f   LIBCMT:gs_support.obj
 0001:00008af0       _matherr                   0000000140009af0 f   LIBCMT:matherr.obj
 0001:00008af4       _get_startup_argv_mode     0000000140009af4 f   LIBCMT:argv_mode.obj
 0001:00008afc       _get_startup_commit_mode   0000000140009afc f   LIBCMT:commit_mode.obj
 0001:00008b00       _get_startup_file_mode     0000000140009b00 f   LIBCMT:file_mode.obj
 0001:00008b08       _get_startup_new_mode      0000000140009b08 f   LIBCMT:new_mode.obj
 0001:00008b0c       _get_startup_thread_locale_mode 0000000140009b0c f   LIBCMT:thread_locale.obj
 0001:00008b10       ?__scrt_initialize_type_info@@YAXXZ 0000000140009b10 f   LIBCMT:tncleanup.obj
 0001:00008b24       ?__scrt_uninitialize_type_info@@YAXXZ 0000000140009b24 f   LIBCMT:tncleanup.obj
 0001:00008b34       _should_initialize_environment 0000000140009b34 f   LIBCMT:env_mode.obj
 0001:00008b38       _initialize_invalid_parameter_handler 0000000140009b38 f   LIBCMT:invalid_parameter_handler.obj
 0001:00008b3c       _initialize_denormal_control 0000000140009b3c f   LIBCMT:denormal_control.obj
 0001:00008b40       __local_stdio_printf_options 0000000140009b40 f i LIBCMT:default_local_stdio_options.obj
 0001:00008b4c       __local_stdio_scanf_options 0000000140009b4c f i LIBCMT:default_local_stdio_options.obj
 0001:00008b58       __scrt_initialize_default_local_stdio_options 0000000140009b58 f   LIBCMT:default_local_stdio_options.obj
 0001:00008b7c       __scrt_is_user_matherr_present 0000000140009b7c f   LIBCMT:matherr_detection.obj
 0001:00008b8c       __scrt_get_dyn_tls_init_callback 0000000140009b8c f   LIBCMT:dyn_tls_init.obj
 0001:00008b98       __scrt_get_dyn_tls_dtor_callback 0000000140009b98 f   LIBCMT:dyn_tls_dtor.obj
 0001:00008ba4       __crt_debugger_hook        0000000140009ba4 f   LIBCMT:utility_desktop.obj
 0001:00008bb0       __scrt_fastfail            0000000140009bb0 f   LIBCMT:utility_desktop.obj
 0001:00008d4c       __scrt_get_show_window_mode 0000000140009d4c f   LIBCMT:utility_desktop.obj
 0001:00008d94       __scrt_initialize_winrt    0000000140009d94 f   LIBCMT:utility_desktop.obj
 0001:00008d98       __scrt_is_managed_app      0000000140009d98 f   LIBCMT:utility_desktop.obj
 0001:00008e04       __scrt_set_unhandled_exception_filter 0000000140009e04 f   LIBCMT:utility_desktop.obj
 0001:00008e18       __scrt_unhandled_exception_filter 0000000140009e18 f   LIBCMT:utility_desktop.obj
 0001:00008e60       _RTC_Initialize            0000000140009e60 f   LIBCMT:_initsect_.obj
 0001:00008ebc       _RTC_Terminate             0000000140009ebc f   LIBCMT:_initsect_.obj
 0001:00008f18       _guard_check_icall         0000000140009f18 f i LIBCMT:checkcfg.obj
 0001:00008f20       __isa_available_init       0000000140009f20 f   LIBCMT:_cpu_disp_.obj
 0001:00009148       __scrt_is_ucrt_dll_in_use  000000014000a148 f   LIBCMT:ucrt_detection.obj
 0001:00009158       _guard_check_icall_nop     000000014000a158 f i LIBCMT:guard_support.obj
 0001:0000915c       ReadNoFence64              000000014000a15c f i LIBCMT:guard_support.obj
 0001:00009160       ReadPointerNoFence         000000014000a160 f i LIBCMT:guard_support.obj
 0001:00009164       __guard_ss_common_verify_stub 000000014000a164 f i LIBCMT:guard_support.obj
 0001:00009168       _guard_icall_checks_enforced 000000014000a168 f i LIBCMT:guard_support.obj
 0001:00009184       _guard_rf_checks_enforced  000000014000a184 f i LIBCMT:guard_support.obj
 0001:000091a0       CreateFileA                000000014000a1a0 f   kernel32:KERNEL32.dll
 0001:000091a6       GetFileSizeEx              000000014000a1a6 f   kernel32:KERNEL32.dll
 0001:000091ac       ReadFile                   000000014000a1ac f   kernel32:KERNEL32.dll
 0001:000091b2       WriteFile                  000000014000a1b2 f   kernel32:KERNEL32.dll
 0001:000091b8       OutputDebugStringA         000000014000a1b8 f   kernel32:KERNEL32.dll
 0001:000091be       CloseHandle                000000014000a1be f   kernel32:KERNEL32.dll
 0001:000091c4       QueryPerformanceCounter    000000014000a1c4 f   kernel32:KERNEL32.dll
 0001:000091ca       QueryPerformanceFrequency  000000014000a1ca f   kernel32:KERNEL32.dll
 0001:000091d0       VirtualAlloc               000000014000a1d0 f   kernel32:KERNEL32.dll
 0001:000091d6       VirtualFree                000000014000a1d6 f   kernel32:KERNEL32.dll
 0001:000091dc       GetProcAddress             000000014000a1dc f   kernel32:KERNEL32.dll
 0001:000091e2       LoadLibraryA               000000014000a1e2 f   kernel32:KERNEL32.dll
 0001:000091e8       RtlCaptureContext          000000014000a1e8 f   kernel32:KERNEL32.dll
 0001:000091ee       RtlLookupFunctionEntry     000000014000a1ee f   kernel32:KERNEL32.dll
 0001:000091f4       RtlVirtualUnwind           000000014000a1f4 f   kernel32:KERNEL32.dll
 0001:000091fa       UnhandledExceptionFilter   000000014000a1fa f   kernel32:KERNEL32.dll
 0001:00009200       SetUnhandledExceptionFilter 000000014000a200 f   kernel32:KERNEL32.dll
 0001:00009206       GetCurrentProcess          000000014000a206 f   kernel32:KERNEL32.dll
 0001:0000920c       TerminateProcess           000000014000a20c f   kernel32:KERNEL32.dll
 0001:00009212       IsProcessorFeaturePresent  000000014000a212 f   kernel32:KERNEL32.dll
 0001:00009218       GetCurrentProcessId        000000014000a218 f   kernel32:KERNEL32.dll
 0001:0000921e       GetCurrentThreadId         000000014000a21e f   kernel32:KERNEL32.dll
 0001:00009224       GetSystemTimeAsFileTime    000000014000a224 f   kernel32:KERNEL32.dll
 0001:0000922a       InitializeSListHead        000000014000a22a f   kernel32:KERNEL32.dll
 0001:00009230       IsDebuggerPresent          000000014000a230 f   kernel32:KERNEL32.dll
 0001:00009236       GetStartupInfoW            000000014000a236 f   kernel32:KERNEL32.dll
 0001:0000923c       GetModuleHandleW           000000014000a23c f   kernel32:KERNEL32.dll
 0001:00009244       __C_specific_handler       000000014000a244 f   libvcruntime:_riscchandler_.obj
 0001:000094d4       __vcrt_initialize          000000014000a4d4 f   libvcruntime:initialization.obj
 0001:00009514       __vcrt_thread_attach       000000014000a514 f   libvcruntime:initialization.obj
 0001:00009530       __vcrt_thread_detach       000000014000a530 f   libvcruntime:initialization.obj
 0001:00009548       __vcrt_uninitialize        000000014000a548 f   libvcruntime:initialization.obj
 0001:00009570       __vcrt_uninitialize_critical 000000014000a570 f   libvcruntime:initialization.obj
 0001:00009598       ??$?RD@__crt_internal_free_policy@@QEBAXQEBD@Z 000000014000a598 f i libvcruntime:std_type_info.obj
 0001:000095a4       ??$?RX@__crt_internal_free_policy@@QEBAXQEBX@Z 000000014000a5a4 f i libvcruntime:std_type_info.obj
 0001:000095b0       ??$__crt_interlocked_compare_exchange_pointer@$$CBDPEAD$$T@@YAPEBDPEDSEBDQEAD$$T@Z 000000014000a5b0 f i libvcruntime:std_type_info.obj
 0001:000095bc       ??$__crt_interlocked_read_pointer@$$CBD@@YAPEBDPEDSEBD@Z 000000014000a5bc f i libvcruntime:std_type_info.obj
 0001:000095c0       ??0?$__crt_unique_heap_ptr@DU__crt_internal_free_policy@@@@QEAA@QEAD@Z 000000014000a5c0 f i libvcruntime:std_type_info.obj
 0001:000095c8       ??0?$__crt_unique_heap_ptr@XU__crt_internal_free_policy@@@@QEAA@QEAX@Z 000000014000a5c8 f i libvcruntime:std_type_info.obj
 0001:000095d0       ??1?$__crt_unique_heap_ptr@DU__crt_internal_free_policy@@@@QEAA@XZ 000000014000a5d0 f i libvcruntime:std_type_info.obj
 0001:000095f4       ??1?$__crt_unique_heap_ptr@XU__crt_internal_free_policy@@@@QEAA@XZ 000000014000a5f4 f i libvcruntime:std_type_info.obj
 0001:00009630       ??B?$__crt_unique_heap_ptr@DU__crt_internal_free_policy@@@@QEBA_NXZ 000000014000a630 f i libvcruntime:std_type_info.obj
 0001:0000963c       ??B?$__crt_unique_heap_ptr@XU__crt_internal_free_policy@@@@QEBA_NXZ 000000014000a63c f i libvcruntime:std_type_info.obj
 0001:00009660       ?__crt_interlocked_read_64@@YA_JPED_J@Z 000000014000a660 f i libvcruntime:std_type_info.obj
 0001:00009664       ?detach@?$__crt_unique_heap_ptr@XU__crt_internal_free_policy@@@@QEAAPEAXXZ 000000014000a664 f i libvcruntime:std_type_info.obj
 0001:00009670       ?get@?$__crt_unique_heap_ptr@DU__crt_internal_free_policy@@@@QEBAPEADXZ 000000014000a670 f i libvcruntime:std_type_info.obj
 0001:00009674       ?get@?$__crt_unique_heap_ptr@XU__crt_internal_free_policy@@@@QEBAPEAXXZ 000000014000a674 f i libvcruntime:std_type_info.obj
 0001:00009678       ?is_valid@?$__crt_unique_heap_ptr@DU__crt_internal_free_policy@@@@QEBA_NXZ 000000014000a678 f i libvcruntime:std_type_info.obj
 0001:00009684       ?is_valid@?$__crt_unique_heap_ptr@XU__crt_internal_free_policy@@@@QEBA_NXZ 000000014000a684 f i libvcruntime:std_type_info.obj
 0001:00009690       ?release@?$__crt_unique_heap_ptr@DU__crt_internal_free_policy@@@@QEAAXXZ 000000014000a690 f i libvcruntime:std_type_info.obj
 0001:000096b4       ?release@?$__crt_unique_heap_ptr@XU__crt_internal_free_policy@@@@QEAAXXZ 000000014000a6b4 f i libvcruntime:std_type_info.obj
 0001:000096d8       __std_type_info_compare    000000014000a6d8 f   libvcruntime:std_type_info.obj
 0001:00009708       __std_type_info_destroy_list 000000014000a708 f   libvcruntime:std_type_info.obj
 0001:0000973c       __std_type_info_hash       000000014000a73c f   libvcruntime:std_type_info.obj
 0001:00009788       __std_type_info_name       000000014000a788 f   libvcruntime:std_type_info.obj
 0001:00009900       memset                     000000014000a900 f   libvcruntime:memset.obj
 0001:00009b30       _local_unwind              000000014000ab30 f   libvcruntime:_jmpuwind_.obj
 0001:00009b60       _NLG_Notify                000000014000ab60 f   libvcruntime:_jmpuwind_.obj
 0001:00009b80       __NLG_Dispatch2            000000014000ab80 f   libvcruntime:_jmpuwind_.obj
 0001:00009b90       __NLG_Return2              000000014000ab90 f   libvcruntime:_jmpuwind_.obj
 0001:00009bb8       __except_validate_context_record 000000014000abb8 f   libvcruntime:jbcxrval.obj
 0001:00009bfc       __except_validate_jump_buffer 000000014000abfc f   libvcruntime:jbcxrval.obj
 0001:00009c4c       __except_validate_jump_buffer_common 000000014000ac4c f i libvcruntime:jbcxrval.obj
 0001:00009cd0       ??$?RU__vcrt_ptd@@@__crt_internal_free_policy@@QEBAXQEBU__vcrt_ptd@@@Z 000000014000acd0 f i libvcruntime:per_thread_data.obj
 0001:00009cdc       ??0?$__crt_unique_heap_ptr@U__vcrt_ptd@@U__crt_internal_free_policy@@@@QEAA@QEAU__vcrt_ptd@@@Z 000000014000acdc f i libvcruntime:per_thread_data.obj
 0001:00009d04       ??1?$__crt_unique_heap_ptr@U__vcrt_ptd@@U__crt_internal_free_policy@@@@QEAA@XZ 000000014000ad04 f i libvcruntime:per_thread_data.obj
 0001:00009d34       ??B?$__crt_unique_heap_ptr@U__vcrt_ptd@@U__crt_internal_free_policy@@@@QEBA_NXZ 000000014000ad34 f i libvcruntime:per_thread_data.obj
 0001:00009d40       ?detach@?$__crt_unique_heap_ptr@U__vcrt_ptd@@U__crt_internal_free_policy@@@@QEAAPEAU__vcrt_ptd@@XZ 000000014000ad40 f i libvcruntime:per_thread_data.obj
 0001:00009d4c       ?get@?$__crt_unique_heap_ptr@U__vcrt_ptd@@U__crt_internal_free_policy@@@@QEBAPEAU__vcrt_ptd@@XZ 000000014000ad4c f i libvcruntime:per_thread_data.obj
 0001:00009d50       ?is_valid@?$__crt_unique_heap_ptr@U__vcrt_ptd@@U__crt_internal_free_policy@@@@QEBA_NXZ 000000014000ad50 f i libvcruntime:per_thread_data.obj
 0001:00009d5c       ?release@?$__crt_unique_heap_ptr@U__vcrt_ptd@@U__crt_internal_free_policy@@@@QEAAXXZ 000000014000ad5c f i libvcruntime:per_thread_data.obj
 0001:00009da4       __vcrt_freefls             000000014000ada4 f   libvcruntime:per_thread_data.obj
 0001:00009dcc       __vcrt_freeptd             000000014000adcc f   libvcruntime:per_thread_data.obj
 0001:00009e2c       __vcrt_getptd              000000014000ae2c f   libvcruntime:per_thread_data.obj
 0001:00009e4c       __vcrt_getptd_noexit       000000014000ae4c f   libvcruntime:per_thread_data.obj
 0001:00009f34       __vcrt_getptd_noinit       000000014000af34 f   libvcruntime:per_thread_data.obj
 0001:00009f94       __vcrt_initialize_ptd      000000014000af94 f   libvcruntime:per_thread_data.obj
 0001:00009ffc       __vcrt_uninitialize_ptd    000000014000affc f   libvcruntime:per_thread_data.obj
 0001:0000a028       __vcrt_initialize_locks    000000014000b028 f   libvcruntime:locks.obj
 0001:0000a080       __vcrt_lock                000000014000b080 f   libvcruntime:locks.obj
 0001:0000a0a0       __vcrt_uninitialize_locks  000000014000b0a0 f   libvcruntime:locks.obj
 0001:0000a0e4       __vcrt_unlock              000000014000b0e4 f   libvcruntime:locks.obj
 0001:0000a104       ??$?BX@__crt_fast_encoded_nullptr_t@@QEBAPEAXXZ 000000014000b104 f i libvcruntime:winapi_downlevel.obj
 0001:0000a128       ??$__crt_fast_decode_pointer@PEAX@@YAPEAXQEAX@Z 000000014000b128 f i libvcruntime:winapi_downlevel.obj
 0001:0000a144       ??$__crt_fast_encode_pointer@PEAX@@YAPEAXQEAX@Z 000000014000b144 f i libvcruntime:winapi_downlevel.obj
 0001:0000a16c       ??$__crt_interlocked_exchange_pointer@UHINSTANCE__@@PEAU1@@@YAPEAUHINSTANCE__@@PEDSEAU0@QEAU0@@Z 000000014000b16c f i libvcruntime:winapi_downlevel.obj
 0001:0000a174       ??$__crt_interlocked_exchange_pointer@UHINSTANCE__@@PEAX@@YAPEAUHINSTANCE__@@PEDSEAU0@QEAX@Z 000000014000b174 f i libvcruntime:winapi_downlevel.obj
 0001:0000a17c       ??$__crt_interlocked_exchange_pointer@XPEAX@@YAPEAXPEDSEAXQEAX@Z 000000014000b17c f i libvcruntime:winapi_downlevel.obj
 0001:0000a184       ??$__crt_interlocked_read_pointer@UHINSTANCE__@@@@YAPEAUHINSTANCE__@@PEDSEAU0@@Z 000000014000b184 f i libvcruntime:winapi_downlevel.obj
 0001:0000a188       ??$__crt_interlocked_read_pointer@X@@YAPEAXPEDSEAX@Z 000000014000b188 f i libvcruntime:winapi_downlevel.obj
 0001:0000a18c       ?__crt_fast_encode_pointer@@YA?AU__crt_fast_encoded_nullptr_t@@$$T@Z 000000014000b18c f i libvcruntime:winapi_downlevel.obj
 0001:0000a960       __vcrt_FlsAlloc            000000014000b960 f   libvcruntime:winapi_downlevel.obj
 0001:0000a9c8       __vcrt_FlsFree             000000014000b9c8 f   libvcruntime:winapi_downlevel.obj
 0001:0000aa34       __vcrt_FlsGetValue         000000014000ba34 f   libvcruntime:winapi_downlevel.obj
 0001:0000aaa0       __vcrt_FlsSetValue         000000014000baa0 f   libvcruntime:winapi_downlevel.obj
 0001:0000ab20       __vcrt_InitializeCriticalSectionEx 000000014000bb20 f   libvcruntime:winapi_downlevel.obj
 0001:0000abb4       __vcrt_initialize_winapi_thunks 000000014000bbb4 f   libvcruntime:winapi_downlevel.obj
 0001:0000ac08       __vcrt_uninitialize_winapi_thunks 000000014000bc08 f   libvcruntime:winapi_downlevel.obj
 0001:0000ac58       ??$?B$$A6AXXZ@__crt_fast_encoded_nullptr_t@@QEBAP6AXXZXZ 000000014000bc58 f i libvcruntime:purevirt_data.obj
 0001:0000ac7c       ??$__crt_fast_encode_pointer@P6AXXZ@@YAP6AXXZQ6AXXZ@Z 000000014000bc7c f i libvcruntime:purevirt_data.obj
 0001:0000aca4       __vcrt_initialize_pure_virtual_call_handler 000000014000bca4 f   libvcruntime:purevirt_data.obj
 0001:0000acd0       ??$__vcrt_va_start_verify_argument_type@QEBD@@YAXXZ 000000014000bcd0 f i libvcruntime:undname.obj
 0001:0000acd4       ??0Block@_HeapManager@@QEAA@XZ 000000014000bcd4 f i libvcruntime:undname.obj
 0001:0000ace0       ??0DName@@QEAA@AEAPEBDD@Z  000000014000bce0 f   libvcruntime:undname.obj
 0001:0000adf0       ??0DName@@QEAA@AEBV0@@Z    000000014000bdf0 f i libvcruntime:undname.obj
 0001:0000ae04       ??0DName@@QEAA@D@Z         000000014000be04 f   libvcruntime:undname.obj
 0001:0000ae44       ??0DName@@QEAA@PEAV0@@Z    000000014000be44 f   libvcruntime:undname.obj
 0001:0000aeec       ??0DName@@QEAA@PEBD@Z      000000014000beec f   libvcruntime:undname.obj
 0001:0000af3c       ??0DName@@QEAA@W4DNameStatus@@@Z 000000014000bf3c f   libvcruntime:undname.obj
 0001:0000af74       ??0DName@@QEAA@XZ          000000014000bf74 f i libvcruntime:undname.obj
 0001:0000af84       ??0DName@@QEAA@_J@Z        000000014000bf84 f   libvcruntime:undname.obj
 0001:0000b054       ??0DName@@QEAA@_K@Z        000000014000c054 f   libvcruntime:undname.obj
 0001:0000b100       ??0DNameNode@@IEAA@XZ      000000014000c100 f i libvcruntime:undname.obj
 0001:0000b114       ??0Replicator@@QEAA@XZ     000000014000c114 f i libvcruntime:undname.obj
 0001:0000b11c       ??0UnDecorator@@QEAA@PEADPEBDHP6APEADJ@ZK@Z 000000014000c11c f i libvcruntime:undname.obj
 0001:0000b198       ??0charNode@@QEAA@D@Z      000000014000c198 f i libvcruntime:undname.obj
 0001:0000b1b0       ??0pDNameNode@@QEAA@PEAVDName@@@Z 000000014000c1b0 f   libvcruntime:undname.obj
 0001:0000b1e0       ??0pairNode@@QEAA@PEBVDNameNode@@0@Z 000000014000c1e0 f i libvcruntime:undname.obj
 0001:0000b200       ??0pcharNode@@QEAA@PEBDH@Z 000000014000c200 f   libvcruntime:undname.obj
 0001:0000b2ac       ??2@YAPEAX_KAEAV_HeapManager@@H@Z 000000014000c2ac f i libvcruntime:undname.obj
 0001:0000b2c0       ??4DName@@QEAAAEAV0@AEBV0@@Z 000000014000c2c0 f   libvcruntime:undname.obj
 0001:0000b2d4       ??4DName@@QEAAAEAV0@D@Z    000000014000c2d4 f i libvcruntime:undname.obj
 0001:0000b314       ??4DName@@QEAAAEAV0@PEAV0@@Z 000000014000c314 f   libvcruntime:undname.obj
 0001:0000b3b4       ??4DName@@QEAAAEAV0@PEBD@Z 000000014000c3b4 f   libvcruntime:undname.obj
 0001:0000b3f8       ??4DName@@QEAAAEAV0@W4DNameStatus@@@Z 000000014000c3f8 f   libvcruntime:undname.obj
 0001:0000b420       ??AReplicator@@QEBA?AVDName@@H@Z 000000014000c420 f   libvcruntime:undname.obj
 0001:0000b470       ??BUnDecorator@@QEAAPEADXZ 000000014000c470 f i libvcruntime:undname.obj
 0001:0000b6c4       ??H@YA?AVDName@@DAEBV0@@Z  000000014000c6c4 f i libvcruntime:undname.obj
 0001:0000b708       ??H@YA?AVDName@@PEBDAEBV0@@Z 000000014000c708 f i libvcruntime:undname.obj
 0001:0000b74c       ??H@YA?AVDName@@W4DNameStatus@@AEBV0@@Z 000000014000c74c f i libvcruntime:undname.obj
 0001:0000b7a8       ??HDName@@QEBA?AV0@AEBV0@@Z 000000014000c7a8 f   libvcruntime:undname.obj
 0001:0000b7dc       ??HDName@@QEBA?AV0@D@Z     000000014000c7dc f   libvcruntime:undname.obj
 0001:0000b810       ??HDName@@QEBA?AV0@PEAV0@@Z 000000014000c810 f   libvcruntime:undname.obj
 0001:0000b844       ??HDName@@QEBA?AV0@PEBD@Z  000000014000c844 f   libvcruntime:undname.obj
 0001:0000b878       ??HDName@@QEBA?AV0@W4DNameStatus@@@Z 000000014000c878 f   libvcruntime:undname.obj
 0001:0000b8ac       ??YDName@@QEAAAEAV0@AEBV0@@Z 000000014000c8ac f   libvcruntime:undname.obj
 0001:0000b904       ??YDName@@QEAAAEAV0@D@Z    000000014000c904 f   libvcruntime:undname.obj
 0001:0000b9a0       ??YDName@@QEAAAEAV0@PEAV0@@Z 000000014000c9a0 f   libvcruntime:undname.obj
 0001:0000ba5c       ??YDName@@QEAAAEAV0@PEBD@Z 000000014000ca5c f   libvcruntime:undname.obj
 0001:0000bb08       ??YDName@@QEAAAEAV0@W4DNameStatus@@@Z 000000014000cb08 f   libvcruntime:undname.obj
 0001:0000bb90       ??YReplicator@@QEAAAEAV0@AEBVDName@@@Z 000000014000cb90 f   libvcruntime:undname.obj
 0001:0000bc10       ??_5DName@@QEAAAEAV0@AEBV0@@Z 000000014000cc10 f   libvcruntime:undname.obj
 0001:0000bc2c       ?Constructor@_HeapManager@@QEAAXP6APEAX_K@ZP6AXPEAX@Z@Z 000000014000cc2c f i libvcruntime:undname.obj
 0001:0000bc48       ?Destructor@_HeapManager@@QEAAXXZ 000000014000cc48 f i libvcruntime:undname.obj
 0001:0000bcbc       ?UScore@UnDecorator@@SAPEBDW4Tokens@@@Z 000000014000ccbc f   libvcruntime:undname.obj
 0001:0000bce4       ?append@DName@@AEAAXPEBVDNameNode@@@Z 000000014000cce4 f   libvcruntime:undname.obj
 0001:0000bd60       ?composeDeclaration@UnDecorator@@CA?AVDName@@AEBV2@@Z 000000014000cd60 f i libvcruntime:undname.obj
 0001:0000ce3c       ?doAccessSpecifiers@UnDecorator@@SAHXZ 000000014000de3c f i libvcruntime:undname.obj
 0001:0000ce50       ?doAllocationLanguage@UnDecorator@@SAHXZ 000000014000de50 f i libvcruntime:undname.obj
 0001:0000ce64       ?doAllocationModel@UnDecorator@@SAHXZ 000000014000de64 f i libvcruntime:undname.obj
 0001:0000ce78       ?doEcsu@UnDecorator@@SAHXZ 000000014000de78 f i libvcruntime:undname.obj
 0001:0000ce8c       ?doEllipsis@UnDecorator@@SAHXZ 000000014000de8c f i libvcruntime:undname.obj
 0001:0000cea0       ?doFunctionReturns@UnDecorator@@SAHXZ 000000014000dea0 f i libvcruntime:undname.obj
 0001:0000ceb4       ?doMSKeywords@UnDecorator@@SAHXZ 000000014000deb4 f i libvcruntime:undname.obj
 0001:0000cec8       ?doMemberTypes@UnDecorator@@SAHXZ 000000014000dec8 f i libvcruntime:undname.obj
 0001:0000cedc       ?doNameOnly@UnDecorator@@SAHXZ 000000014000dedc f i libvcruntime:undname.obj
 0001:0000ceec       ?doNoIdentCharCheck@UnDecorator@@SAHXZ 000000014000deec f i libvcruntime:undname.obj
 0001:0000cefc       ?doPchar@DName@@AEAAXPEBDH@Z 000000014000defc f   libvcruntime:undname.obj
 0001:0000cfcc       ?doPtr64@UnDecorator@@SAHXZ 000000014000dfcc f i libvcruntime:undname.obj
 0001:0000cfe0       ?doRestrictionSpec@UnDecorator@@SAHXZ 000000014000dfe0 f i libvcruntime:undname.obj
 0001:0000cff4       ?doThisTypes@UnDecorator@@SAHXZ 000000014000dff4 f i libvcruntime:undname.obj
 0001:0000d00c       ?doThrowTypes@UnDecorator@@SAHXZ 000000014000e00c f i libvcruntime:undname.obj
 0001:0000d020       ?doTypeOnly@UnDecorator@@SAHXZ 000000014000e020 f i libvcruntime:undname.obj
 0001:0000d030       ?doUnderScore@UnDecorator@@SAHXZ 000000014000e030 f i libvcruntime:undname.obj
 0001:0000d040       ?getArgumentList@UnDecorator@@CA?AVDName@@XZ 000000014000e040 f   libvcruntime:undname.obj
 0001:0000d1b8       ?getArgumentTypes@UnDecorator@@CA?AVDName@@XZ 000000014000e1b8 f   libvcruntime:undname.obj
 0001:0000d2fc       ?getArrayType@UnDecorator@@CA?AVDName@@AEBV2@@Z 000000014000e2fc f i libvcruntime:undname.obj
 0001:0000d5e4       ?getBasedType@UnDecorator@@CA?AVDName@@XZ 000000014000e5e4 f   libvcruntime:undname.obj
 0001:0000d6e0       ?getBasicDataType@UnDecorator@@CA?AVDName@@AEBV2@@Z 000000014000e6e0 f   libvcruntime:undname.obj
 0001:0000dc50       ?getCallIndex@UnDecorator@@CA?AVDName@@XZ 000000014000ec50 f i libvcruntime:undname.obj
 0001:0000dc70       ?getCallingConvention@UnDecorator@@CA?AVDName@@XZ 000000014000ec70 f   libvcruntime:undname.obj
 0001:0000ddd0       ?getDataIndirectType@UnDecorator@@CA?AVDName@@AEBV2@PEBD0H@Z 000000014000edd0 f   libvcruntime:undname.obj
 0001:0000e774       ?getDataIndirectType@UnDecorator@@CA?AVDName@@XZ 000000014000f774 f i libvcruntime:undname.obj
 0001:0000e7c4       ?getDataType@UnDecorator@@CA?AVDName@@PEAV2@@Z 000000014000f7c4 f   libvcruntime:undname.obj
 0001:0000e8e4       ?getDecoratedName@UnDecorator@@CA?AVDName@@XZ 000000014000f8e4 f   libvcruntime:undname.obj
 0001:0000ec30       ?getDimension@UnDecorator@@CA?AVDName@@_N@Z 000000014000fc30 f   libvcruntime:undname.obj
 0001:0000edfc       ?getDispatchTarget@UnDecorator@@CA?AVDName@@XZ 000000014000fdfc f   libvcruntime:undname.obj
 0001:0000ee5c       ?getDisplacement@UnDecorator@@CA?AVDName@@XZ 000000014000fe5c f i libvcruntime:undname.obj
 0001:0000ee7c       ?getECSUDataType@UnDecorator@@CA?AVDName@@XZ 000000014000fe7c f   libvcruntime:undname.obj
 0001:0000f034       ?getECSUName@UnDecorator@@CA?AVDName@@XZ 0000000140010034 f i libvcruntime:undname.obj
 0001:0000f050       ?getEnumType@UnDecorator@@CA?AVDName@@XZ 0000000140010050 f i libvcruntime:undname.obj
 0001:0000f190       ?getExtendedDataIndirectType@UnDecorator@@CA?AVDName@@AEAPEBDAEA_NH@Z 0000000140010190 f   libvcruntime:undname.obj
 0001:0000f44c       ?getExternalDataType@UnDecorator@@CA?AVDName@@AEBV2@@Z 000000014001044c f i libvcruntime:undname.obj
 0001:0000f544       ?getFunctionIndirectType@UnDecorator@@CA?AVDName@@AEBV2@@Z 0000000140010544 f   libvcruntime:undname.obj
 0001:0000fbec       ?getGuardNumber@UnDecorator@@CA?AVDName@@XZ 0000000140010bec f i libvcruntime:undname.obj
 0001:0000fc0c       ?getLastChar@DName@@QEBADXZ 0000000140010c0c f i libvcruntime:undname.obj
 0001:0000fc50       ?getLastChar@DNameStatusNode@@UEBADXZ 0000000140010c50 f i libvcruntime:undname.obj
 0001:0000fc60       ?getLastChar@charNode@@UEBADXZ 0000000140010c60 f i libvcruntime:undname.obj
 0001:0000fc64       ?getLastChar@pDNameNode@@UEBADXZ 0000000140010c64 f i libvcruntime:undname.obj
 0001:0000fcb0       ?getLastChar@pairNode@@UEBADXZ 0000000140010cb0 f i libvcruntime:undname.obj
 0001:0000fd1c       ?getLastChar@pcharNode@@UEBADXZ 0000000140010d1c f i libvcruntime:undname.obj
 0001:0000fd38       ?getLexicalFrame@UnDecorator@@CA?AVDName@@XZ 0000000140010d38 f i libvcruntime:undname.obj
 0001:0000fdc8       ?getMemory@_HeapManager@@QEAAPEAX_KH@Z 0000000140010dc8 f   libvcruntime:undname.obj
 0001:0000fea8       ?getNoexcept@UnDecorator@@CA?AVDName@@XZ 0000000140010ea8 f   libvcruntime:undname.obj
 0001:0000ff00       ?getNumberOfDimensions@UnDecorator@@CAHXZ 0000000140010f00 f   libvcruntime:undname.obj
 0001:0000ff90       ?getOperatorName@UnDecorator@@CA?AVDName@@_NPEA_N@Z 0000000140010f90 f i libvcruntime:undname.obj
 0001:000108f8       ?getPointerType@UnDecorator@@CA?AVDName@@AEBV2@0@Z 00000001400118f8 f i libvcruntime:undname.obj
 0001:00010920       ?getPointerTypeArray@UnDecorator@@CA?AVDName@@AEBV2@0@Z 0000000140011920 f i libvcruntime:undname.obj
 0001:00010948       ?getPrimaryDataType@UnDecorator@@CA?AVDName@@AEBV2@@Z 0000000140011948 f   libvcruntime:undname.obj
 0001:00010c38       ?getPtrRefDataType@UnDecorator@@CA?AVDName@@AEBV2@H@Z 0000000140011c38 f   libvcruntime:undname.obj
 0001:00010df4       ?getPtrRefType@UnDecorator@@CA?AVDName@@AEBV2@0PEBD@Z 0000000140011df4 f   libvcruntime:undname.obj
 0001:00010f78       ?getReferenceType@UnDecorator@@CA?AVDName@@AEBV2@0PEBD@Z 0000000140011f78 f i libvcruntime:undname.obj
 0001:00010f94       ?getRestrictionSpec@UnDecorator@@CA?AVDName@@XZ 0000000140011f94 f   libvcruntime:undname.obj
 0001:0001112c       ?getReturnType@UnDecorator@@CA?AVDName@@PEAV2@@Z 000000014001212c f   libvcruntime:undname.obj
 0001:00011170       ?getScope@UnDecorator@@CA?AVDName@@XZ 0000000140012170 f   libvcruntime:undname.obj
 0001:00011708       ?getScopedName@UnDecorator@@CA?AVDName@@XZ 0000000140012708 f   libvcruntime:undname.obj
 0001:0001184c       ?getSignedDimension@UnDecorator@@CA?AVDName@@XZ 000000014001284c f   libvcruntime:undname.obj
 0001:00011908       ?getStorageConvention@UnDecorator@@CA?AVDName@@XZ 0000000140012908 f i libvcruntime:undname.obj
 0001:00011958       ?getString@DName@@QEBAPEADPEAD0@Z 0000000140012958 f i libvcruntime:undname.obj
 0001:000119c4       ?getString@DName@@QEBAPEADPEADH@Z 00000001400129c4 f i libvcruntime:undname.obj
 0001:00011aa0       ?getString@DNameStatusNode@@UEBAPEADPEAD0@Z 0000000140012aa0 f i libvcruntime:undname.obj
 0001:00011af8       ?getString@charNode@@UEBAPEADPEAD0@Z 0000000140012af8 f i libvcruntime:undname.obj
 0001:00011b10       ?getString@pDNameNode@@UEBAPEADPEAD0@Z 0000000140012b10 f i libvcruntime:undname.obj
 0001:00011b88       ?getString@pairNode@@UEBAPEADPEAD0@Z 0000000140012b88 f i libvcruntime:undname.obj
 0001:00011c2c       ?getString@pcharNode@@UEBAPEADPEAD0@Z 0000000140012c2c f i libvcruntime:undname.obj
 0001:00011c70       ?getStringEncoding@UnDecorator@@CA?AVDName@@PEBDH@Z 0000000140012c70 f   libvcruntime:undname.obj
 0001:00011d78       ?getStringHelper@@YAPEADPEADPEBD1H@Z 0000000140012d78 f i libvcruntime:undname.obj
 0001:00011db0       ?getSymbolName@UnDecorator@@CA?AVDName@@XZ 0000000140012db0 f i libvcruntime:undname.obj
 0001:00011e10       ?getTemplateArgumentList@UnDecorator@@CA?AVDName@@XZ 0000000140012e10 f   libvcruntime:undname.obj
 0001:00012210       ?getTemplateConstant@UnDecorator@@CA?AVDName@@XZ 0000000140013210 f   libvcruntime:undname.obj
 0001:000126d8       ?getTemplateName@UnDecorator@@CA?AVDName@@_N@Z 00000001400136d8 f   libvcruntime:undname.obj
 0001:0001296c       ?getThisType@UnDecorator@@CA?AVDName@@XZ 000000014001396c f i libvcruntime:undname.obj
 0001:000129c0       ?getThrowTypes@UnDecorator@@CA?AVDName@@XZ 00000001400139c0 f   libvcruntime:undname.obj
 0001:000129ec       ?getTypeEncoding@UnDecorator@@CAHXZ 00000001400139ec f i libvcruntime:undname.obj
 0001:00012e18       ?getVCallThunkType@UnDecorator@@CA?AVDName@@XZ 0000000140013e18 f i libvcruntime:undname.obj
 0001:00012e8c       ?getVbTableType@UnDecorator@@CA?AVDName@@AEBV2@@Z 0000000140013e8c f i libvcruntime:undname.obj
 0001:00012ea8       ?getVdispMapType@UnDecorator@@CA?AVDName@@AEBV2@@Z 0000000140013ea8 f i libvcruntime:undname.obj
 0001:00012f20       ?getVfTableType@UnDecorator@@CA?AVDName@@AEBV2@@Z 0000000140013f20 f i libvcruntime:undname.obj
 0001:0001319c       ?getZName@UnDecorator@@CA?AVDName@@_N0@Z 000000014001419c f   libvcruntime:undname.obj
 0001:00013548       ?haveTemplateParameters@UnDecorator@@SAHXZ 0000000140014548 f i libvcruntime:undname.obj
 0001:00013558       ?isArray@DName@@QEBAHXZ    0000000140014558 f i libvcruntime:undname.obj
 0001:00013564       ?isComArray@DName@@QEBAHXZ 0000000140014564 f i libvcruntime:undname.obj
 0001:00013570       ?isEmpty@DName@@QEBAHXZ    0000000140014570 f i libvcruntime:undname.obj
 0001:0001357c       ?isFull@Replicator@@QEBAHXZ 000000014001457c f i libvcruntime:undname.obj
 0001:00013588       ?isNoTE@DName@@QEBAHXZ     0000000140014588 f i libvcruntime:undname.obj
 0001:00013594       ?isPinPtr@DName@@QEBAHXZ   0000000140014594 f i libvcruntime:undname.obj
 0001:000135a0       ?isPtrRef@DName@@QEBAHXZ   00000001400145a0 f i libvcruntime:undname.obj
 0001:000135ac       ?isUDC@DName@@QEBAHXZ      00000001400145ac f i libvcruntime:undname.obj
 0001:000135c8       ?isUDTThunk@DName@@QEBAHXZ 00000001400145c8 f i libvcruntime:undname.obj
 0001:000135e4       ?isVCallThunk@DName@@QEBAHXZ 00000001400145e4 f i libvcruntime:undname.obj
 0001:000135f0       ?isValid@DName@@QEBAHXZ    00000001400145f0 f i libvcruntime:undname.obj
 0001:000135fc       ?length@DName@@QEBAHXZ     00000001400145fc f i libvcruntime:undname.obj
 0001:00013640       ?length@DNameStatusNode@@UEBAHXZ 0000000140014640 f i libvcruntime:undname.obj
 0001:00013644       ?length@charNode@@UEBAHXZ  0000000140014644 f i libvcruntime:undname.obj
 0001:0001364c       ?length@pDNameNode@@UEBAHXZ 000000014001464c f i libvcruntime:undname.obj
 0001:00013698       ?length@pairNode@@UEBAHXZ  0000000140014698 f i libvcruntime:undname.obj
 0001:0001371c       ?length@pcharNode@@UEBAHXZ 000000014001471c f i libvcruntime:undname.obj
 0001:00013720       ?make@DNameStatusNode@@SAPEBV1@W4DNameStatus@@@Z 0000000140014720 f i libvcruntime:undname.obj
 0001:00013748       ?setIsArray@DName@@QEAAXXZ 0000000140014748 f i libvcruntime:undname.obj
 0001:00013750       ?setIsComArray@DName@@QEAAXXZ 0000000140014750 f i libvcruntime:undname.obj
 0001:00013758       ?setIsNoTE@DName@@QEAAXXZ  0000000140014758 f i libvcruntime:undname.obj
 0001:00013760       ?setIsPinPtr@DName@@QEAAXXZ 0000000140014760 f i libvcruntime:undname.obj
 0001:00013768       ?setIsUDC@DName@@QEAAXXZ   0000000140014768 f i libvcruntime:undname.obj
 0001:00013778       ?setIsVCallThunk@DName@@QEAAXXZ 0000000140014778 f i libvcruntime:undname.obj
 0001:00013780       ?setPtrRef@DName@@QEAAAEAV1@XZ 0000000140014780 f i libvcruntime:undname.obj
 0001:0001378c       ?status@DName@@QEBA?AW4DNameStatus@@XZ 000000014001478c f i libvcruntime:undname.obj
 0001:00013804       __unDName                  0000000140014804 f   libvcruntime:undname.obj
 0001:00013958       __unDNameEx                0000000140014958 f   libvcruntime:undname.obj
 0001:00013ab4       _vsprintf_s_l              0000000140014ab4 f i libvcruntime:undname.obj
 0001:00013b30       sprintf_s                  0000000140014b30 f i libvcruntime:undname.obj
 0001:00013b98       ??$__crt_fast_decode_pointer@P6AXXZ@@YAP6AXXZQ6AXXZ@Z 0000000140014b98 f i libvcruntime:purevirt.obj
 0001:00013bb4       ??$__crt_interlocked_exchange_pointer@$$A6AXXZP6AXXZ@@YAP6AXXZPEDS6AXXZQ6AXXZ@Z 0000000140014bb4 f i libvcruntime:purevirt.obj
 0001:00013bbc       ??$__crt_interlocked_read_pointer@$$A6AXXZ@@YAP6AXXZPEDS6AXXZ@Z 0000000140014bbc f i libvcruntime:purevirt.obj
 0001:00013bc0       _get_purecall_handler      0000000140014bc0 f   libvcruntime:purevirt.obj
 0001:00013be0       _purecall                  0000000140014be0 f   libvcruntime:purevirt.obj
 0001:00013c24       _set_purecall_handler      0000000140014c24 f   libvcruntime:purevirt.obj
 0001:00013c70       sinf                       0000000140014c70 f   libucrt:sinf.obj
 0001:00014548       _seh_filter_dll            0000000140015548 f   libucrt:exception_filter.obj
 0001:00014560       _seh_filter_exe            0000000140015560 f   libucrt:exception_filter.obj
 0001:0001485c       __acrt_report_runtime_error 000000014001585c f   libucrt:report_runtime_error.obj
 0001:00014a7c       _invoke_watson_if_error    0000000140015a7c f i libucrt:report_runtime_error.obj
 0001:00014abc       _query_app_type            0000000140015abc f   libucrt:report_runtime_error.obj
 0001:00014ac4       _set_app_type              0000000140015ac4 f   libucrt:report_runtime_error.obj
 0001:00014acc       ??$__crt_fast_decode_pointer@P6AHPEAU_exception@@@Z@@YAP6AHPEAU_exception@@@ZQ6AH0@Z@Z 0000000140015acc f i libucrt:matherr.obj
 0001:00014ae8       ??$__crt_fast_encode_pointer@P6AHPEAU_exception@@@Z@@YAP6AHPEAU_exception@@@ZQ6AH0@Z@Z 0000000140015ae8 f i libucrt:matherr.obj
 0001:00014b10       ?get_current_state_index@__crt_state_management@@YA_KXZ 0000000140015b10 f i libucrt:matherr.obj
 0001:00014b14       ?initialize@?$dual_state_global@P6AHPEAU_exception@@@Z@__crt_state_management@@QEAAXQ6AHPEAU_exception@@@Z@Z 0000000140015b14 f i libucrt:matherr.obj
 0001:00014b48       ?value@?$dual_state_global@P6AHPEAU_exception@@@Z@__crt_state_management@@QEAAAEAP6AHPEAU_exception@@@ZXZ 0000000140015b48 f i libucrt:matherr.obj
 0001:00014b4c       __acrt_has_user_matherr    0000000140015b4c f   libucrt:matherr.obj
 0001:00014b70       __acrt_initialize_user_matherr 0000000140015b70 f   libucrt:matherr.obj
 0001:00014b7c       __acrt_invoke_user_matherr 0000000140015b7c f   libucrt:matherr.obj
 0001:00014bb8       __setusermatherr           0000000140015bb8 f   libucrt:matherr.obj
 0001:00014be8       ??$?RE@__crt_internal_free_policy@@QEBAXQEBE@Z 0000000140015be8 f i libucrt:argv_parsing.obj
 0001:00014bf4       ??$?RPEAD@__crt_internal_free_policy@@QEBAXQEBQEAD@Z 0000000140015bf4 f i libucrt:argv_parsing.obj
 0001:00014c00       ??$?RPEA_W@__crt_internal_free_policy@@QEBAXQEBQEA_W@Z 0000000140015c00 f i libucrt:argv_parsing.obj
 0001:00014fb0       ??$get_module_file_name@$$TAEAY0BAF@DH@?$__crt_char_traits@D@@SAK$$QEA$$TAEAY0BAF@D$$QEAH@Z 0000000140015fb0 f i libucrt:argv_parsing.obj
 0001:00014fc0       ??$get_module_file_name@$$TAEAY0BAF@_WH@?$__crt_char_traits@_W@@SAK$$QEA$$TAEAY0BAF@_W$$QEAH@Z 0000000140015fc0 f i libucrt:argv_parsing.obj
 0001:000153f8       ??$set_program_name@PEAD@?$__crt_char_traits@D@@SAX$$QEAPEAD@Z 00000001400163f8 f i libucrt:argv_parsing.obj
 0001:00015408       ??$set_program_name@PEA_W@?$__crt_char_traits@_W@@SAX$$QEAPEA_W@Z 0000000140016408 f i libucrt:argv_parsing.obj
 0001:00015428       ??0?$__crt_unique_heap_ptr@EU__crt_internal_free_policy@@@@QEAA@QEAE@Z 0000000140016428 f i libucrt:argv_parsing.obj
 0001:00015430       ??0?$__crt_unique_heap_ptr@PEADU__crt_internal_free_policy@@@@QEAA@QEAPEAD@Z 0000000140016430 f i libucrt:argv_parsing.obj
 0001:00015438       ??0?$__crt_unique_heap_ptr@PEA_WU__crt_internal_free_policy@@@@QEAA@QEAPEA_W@Z 0000000140016438 f i libucrt:argv_parsing.obj
 0001:00015440       ??1?$__crt_unique_heap_ptr@EU__crt_internal_free_policy@@@@QEAA@XZ 0000000140016440 f i libucrt:argv_parsing.obj
 0001:00015464       ??1?$__crt_unique_heap_ptr@PEADU__crt_internal_free_policy@@@@QEAA@XZ 0000000140016464 f i libucrt:argv_parsing.obj
 0001:00015488       ??1?$__crt_unique_heap_ptr@PEA_WU__crt_internal_free_policy@@@@QEAA@XZ 0000000140016488 f i libucrt:argv_parsing.obj
 0001:000154ac       ??B?$__crt_unique_heap_ptr@EU__crt_internal_free_policy@@@@QEBA_NXZ 00000001400164ac f i libucrt:argv_parsing.obj
 0001:00015500       ?detach@?$__crt_unique_heap_ptr@EU__crt_internal_free_policy@@@@QEAAPEAEXZ 0000000140016500 f i libucrt:argv_parsing.obj
 0001:0001550c       ?detach@?$__crt_unique_heap_ptr@PEADU__crt_internal_free_policy@@@@QEAAPEAPEADXZ 000000014001650c f i libucrt:argv_parsing.obj
 0001:00015518       ?detach@?$__crt_unique_heap_ptr@PEA_WU__crt_internal_free_policy@@@@QEAAPEAPEA_WXZ 0000000140016518 f i libucrt:argv_parsing.obj
 0001:00015540       ?get@?$__crt_unique_heap_ptr@EU__crt_internal_free_policy@@@@QEBAPEAEXZ 0000000140016540 f i libucrt:argv_parsing.obj
 0001:00015544       ?get@?$__crt_unique_heap_ptr@PEADU__crt_internal_free_policy@@@@QEBAPEAPEADXZ 0000000140016544 f i libucrt:argv_parsing.obj
 0001:00015548       ?get@?$__crt_unique_heap_ptr@PEA_WU__crt_internal_free_policy@@@@QEBAPEAPEA_WXZ 0000000140016548 f i libucrt:argv_parsing.obj
 0001:0001554c       ?get_address_of@?$__crt_unique_heap_ptr@PEADU__crt_internal_free_policy@@@@QEAAPEAPEAPEADXZ 000000014001654c f i libucrt:argv_parsing.obj
 0001:00015550       ?get_address_of@?$__crt_unique_heap_ptr@PEA_WU__crt_internal_free_policy@@@@QEAAPEAPEAPEA_WXZ 0000000140016550 f i libucrt:argv_parsing.obj
 0001:00015584       ?is_valid@?$__crt_unique_heap_ptr@EU__crt_internal_free_policy@@@@QEBA_NXZ 0000000140016584 f i libucrt:argv_parsing.obj
 0001:00015590       ?release@?$__crt_unique_heap_ptr@EU__crt_internal_free_policy@@@@QEAAXXZ 0000000140016590 f i libucrt:argv_parsing.obj
 0001:000155b4       ?release@?$__crt_unique_heap_ptr@PEADU__crt_internal_free_policy@@@@QEAAXXZ 00000001400165b4 f i libucrt:argv_parsing.obj
 0001:000155d8       ?release@?$__crt_unique_heap_ptr@PEA_WU__crt_internal_free_policy@@@@QEAAXXZ 00000001400165d8 f i libucrt:argv_parsing.obj
 0001:0001561c       __acrt_allocate_buffer_for_argv 000000014001661c f   libucrt:argv_parsing.obj
 0001:00015690       _configure_narrow_argv     0000000140016690 f   libucrt:argv_parsing.obj
 0001:00015878       _configure_wide_argv       0000000140016878 f   libucrt:argv_parsing.obj
 0001:00015a5c       _set_pgmptr                0000000140016a5c f i libucrt:argv_parsing.obj
 0001:00015a68       _set_wpgmptr               0000000140016a68 f i libucrt:argv_parsing.obj
 0001:00015a74       ??$?R_W@__crt_internal_free_policy@@QEBAXQEB_W@Z 0000000140016a74 f i libucrt:environment_initialization.obj
 0001:000160d8       ??$get_environment_from_os@$$V@?$__crt_char_traits@D@@SAPEADXZ 00000001400170d8 f i libucrt:environment_initialization.obj
 0001:000160e0       ??$get_environment_from_os@$$V@?$__crt_char_traits@_W@@SAPEA_WXZ 00000001400170e0 f i libucrt:environment_initialization.obj
 0001:000162cc       ??$set_variable_in_environment_nolock@PEADH@?$__crt_char_traits@D@@SAH$$QEAPEAD$$QEAH@Z 00000001400172cc f i libucrt:environment_initialization.obj
 0001:000162d8       ??$set_variable_in_environment_nolock@PEA_WH@?$__crt_char_traits@_W@@SAH$$QEAPEA_W$$QEAH@Z 00000001400172d8 f i libucrt:environment_initialization.obj
 0001:000162e4       ??$tcscpy_s@PEADAEB_KAEAPEAD@?$__crt_char_traits@D@@SAH$$QEAPEADAEB_KAEAPEAD@Z 00000001400172e4 f i libucrt:environment_initialization.obj
 0001:000162f8       ??$tcscpy_s@PEA_WAEB_KAEAPEA_W@?$__crt_char_traits@_W@@SAH$$QEAPEA_WAEB_KAEAPEA_W@Z 00000001400172f8 f i libucrt:environment_initialization.obj
 0001:0001630c       ??$tcslen@AEAPEAD@?$__crt_char_traits@D@@SA_KAEAPEAD@Z 000000014001730c f i libucrt:environment_initialization.obj
 0001:00016324       ??$tcslen@AEAPEA_W@?$__crt_char_traits@_W@@SA_KAEAPEA_W@Z 0000000140017324 f i libucrt:environment_initialization.obj
 0001:0001633c       ??$uninitialize@A6AXAEAPEAPEAD@Z@?$dual_state_global@PEAPEAD@__crt_state_management@@QEAAXA6AXAEAPEAPEAD@Z@Z 000000014001733c f i libucrt:environment_initialization.obj
 0001:00016390       ??$uninitialize@A6AXAEAPEAPEA_W@Z@?$dual_state_global@PEAPEA_W@__crt_state_management@@QEAAXA6AXAEAPEAPEA_W@Z@Z 0000000140017390 f i libucrt:environment_initialization.obj
 0001:00016424       ??0?$__crt_unique_heap_ptr@_WU__crt_internal_free_policy@@@@QEAA@QEA_W@Z 0000000140017424 f i libucrt:environment_initialization.obj
 0001:0001642c       ??1?$__crt_unique_heap_ptr@_WU__crt_internal_free_policy@@@@QEAA@XZ 000000014001742c f i libucrt:environment_initialization.obj
 0001:00016450       ??B?$__crt_unique_heap_ptr@PEADU__crt_internal_free_policy@@@@QEBA_NXZ 0000000140017450 f i libucrt:environment_initialization.obj
 0001:0001645c       ??B?$__crt_unique_heap_ptr@PEA_WU__crt_internal_free_policy@@@@QEBA_NXZ 000000014001745c f i libucrt:environment_initialization.obj
 0001:00016468       ??B?$__crt_unique_heap_ptr@_WU__crt_internal_free_policy@@@@QEBA_NXZ 0000000140017468 f i libucrt:environment_initialization.obj
 0001:00016474       ?__crt_compute_required_transform_buffer_count@@YA_KIQEBD@Z 0000000140017474 f i libucrt:environment_initialization.obj
 0001:000164a4       ?__crt_compute_required_transform_buffer_count@@YA_KIQEB_W@Z 00000001400174a4 f i libucrt:environment_initialization.obj
 0001:000164e0       ?__crt_transform_string@@YA_KIQEBDQEA_W_K@Z 00000001400174e0 f i libucrt:environment_initialization.obj
 0001:00016510       ?__crt_transform_string@@YA_KIQEB_WQEAD_K@Z 0000000140017510 f i libucrt:environment_initialization.obj
 0001:0001654c       ?detach@?$__crt_unique_heap_ptr@DU__crt_internal_free_policy@@@@QEAAPEADXZ 000000014001754c f i libucrt:environment_initialization.obj
 0001:00016558       ?detach@?$__crt_unique_heap_ptr@_WU__crt_internal_free_policy@@@@QEAAPEA_WXZ 0000000140017558 f i libucrt:environment_initialization.obj
 0001:00016564       ?get@?$__crt_unique_heap_ptr@_WU__crt_internal_free_policy@@@@QEBAPEA_WXZ 0000000140017564 f i libucrt:environment_initialization.obj
 0001:000165b0       ?initialize@?$dual_state_global@PEAPEAD@__crt_state_management@@QEAAXQEAPEAD@Z 00000001400175b0 f i libucrt:environment_initialization.obj
 0001:000165e4       ?initialize@?$dual_state_global@PEAPEA_W@__crt_state_management@@QEAAXQEAPEA_W@Z 00000001400175e4 f i libucrt:environment_initialization.obj
 0001:00016618       ?is_valid@?$__crt_unique_heap_ptr@PEADU__crt_internal_free_policy@@@@QEBA_NXZ 0000000140017618 f i libucrt:environment_initialization.obj
 0001:00016624       ?is_valid@?$__crt_unique_heap_ptr@PEA_WU__crt_internal_free_policy@@@@QEBA_NXZ 0000000140017624 f i libucrt:environment_initialization.obj
 0001:00016630       ?is_valid@?$__crt_unique_heap_ptr@_WU__crt_internal_free_policy@@@@QEBA_NXZ 0000000140017630 f i libucrt:environment_initialization.obj
 0001:00016648       ?release@?$__crt_unique_heap_ptr@_WU__crt_internal_free_policy@@@@QEAAXXZ 0000000140017648 f i libucrt:environment_initialization.obj
 0001:0001666c       ?value@?$dual_state_global@PEAPEAD@__crt_state_management@@QEAAAEAPEAPEADXZ 000000014001766c f i libucrt:environment_initialization.obj
 0001:00016670       ?value@?$dual_state_global@PEAPEA_W@__crt_state_management@@QEAAAEAPEAPEA_WXZ 0000000140017670 f i libucrt:environment_initialization.obj
 0001:00016674       __dcrt_get_or_create_narrow_environment_nolock 0000000140017674 f   libucrt:environment_initialization.obj
 0001:000166c0       __dcrt_get_or_create_wide_environment_nolock 00000001400176c0 f   libucrt:environment_initialization.obj
 0001:0001670c       __dcrt_uninitialize_environments_nolock 000000014001770c f   libucrt:environment_initialization.obj
 0001:00016754       __p__environ               0000000140017754 f   libucrt:environment_initialization.obj
 0001:00016760       __p__wenviron              0000000140017760 f   libucrt:environment_initialization.obj
 0001:0001676c       _get_initial_narrow_environment 000000014001776c f   libucrt:environment_initialization.obj
 0001:000167d0       _get_initial_wide_environment 00000001400177d0 f   libucrt:environment_initialization.obj
 0001:00016834       _initialize_narrow_environment 0000000140017834 f   libucrt:environment_initialization.obj
 0001:0001683c       _initialize_wide_environment 000000014001783c f   libucrt:environment_initialization.obj
 0001:00016980       _get_narrow_winmain_command_line 0000000140017980 f   libucrt:argv_winmain.obj
 0001:00016a0c       _get_wide_winmain_command_line 0000000140017a0c f   libucrt:argv_winmain.obj
 0001:00016a78       _initterm                  0000000140017a78 f   libucrt:initterm.obj
 0001:00016af8       _initterm_e                0000000140017af8 f   libucrt:initterm.obj
 0001:00016b44       ??$?B$$A6AXPEAXK0@Z@__crt_fast_encoded_nullptr_t@@QEBAP6AXPEAXK0@ZXZ 0000000140017b44 f i libucrt:exit.obj
 0001:00016be0       ??$__crt_fast_decode_pointer@P6AXPEAXK0@Z@@YAP6AXPEAXK0@ZQ6AX0K0@Z@Z 0000000140017be0 f i libucrt:exit.obj
 0001:00016bfc       ??$__crt_fast_encode_pointer@P6AXPEAXK0@Z@@YAP6AXPEAXK0@ZQ6AX0K0@Z@Z 0000000140017bfc f i libucrt:exit.obj
 0001:00016c24       ??$__crt_get_proc_address@P6AXI@Z@@YAP6AXI@ZQEAUHINSTANCE__@@QEBD@Z 0000000140017c24 f i libucrt:exit.obj
 0001:00016c2c       ??$__crt_interlocked_read@J@@YAJPEDJ@Z 0000000140017c2c f i libucrt:exit.obj
 0001:00016c5c       ??0?$__crt_unique_handle_t@U__crt_hmodule_traits@@@@QEAA@QEAUHINSTANCE__@@@Z 0000000140017c5c f i libucrt:exit.obj
 0001:00016c64       ??1?$__crt_unique_handle_t@U__crt_hmodule_traits@@@@QEAA@XZ 0000000140017c64 f i libucrt:exit.obj
 0001:00016db0       ?__acrt_select_exit_lock@@YA?AW4__acrt_lock_id@@XZ 0000000140017db0 f i libucrt:exit.obj
 0001:00016db8       ?__crt_interlocked_read_32@@YAHPEDH@Z 0000000140017db8 f i libucrt:exit.obj
 0001:00016dcc       ?close@?$__crt_unique_handle_t@U__crt_hmodule_traits@@@@QEAAXXZ 0000000140017dcc f i libucrt:exit.obj
 0001:00016df8       ?close@__crt_hmodule_traits@@SA_NPEAUHINSTANCE__@@@Z 0000000140017df8 f i libucrt:exit.obj
 0001:00016f5c       ?get@?$__crt_unique_handle_t@U__crt_hmodule_traits@@@@QEBAPEAUHINSTANCE__@@XZ 0000000140017f5c f i libucrt:exit.obj
 0001:00016f60       ?get_address_of@?$__crt_unique_handle_t@U__crt_hmodule_traits@@@@QEAAPEAPEAUHINSTANCE__@@XZ 0000000140017f60 f i libucrt:exit.obj
 0001:00016f64       ?get_invalid_value@__crt_hmodule_traits@@SAPEAUHINSTANCE__@@XZ 0000000140017f64 f i libucrt:exit.obj
 0001:00017080       _Exit                      0000000140018080 f   libucrt:exit.obj
 0001:00017090       __acrt_initialize_thread_local_exit_callback 0000000140018090 f   libucrt:exit.obj
 0001:0001709c       _c_exit                    000000014001809c f   libucrt:exit.obj
 0001:000170b0       _cexit                     00000001400180b0 f   libucrt:exit.obj
 0001:000170c0       _exit                      00000001400180c0 f   libucrt:exit.obj
 0001:000170d0       _is_c_termination_complete 00000001400180d0 f   libucrt:exit.obj
 0001:000170d8       _register_thread_local_exe_atexit_callback 00000001400180d8 f   libucrt:exit.obj
 0001:00017130       exit                       0000000140018130 f   libucrt:exit.obj
 0001:0001713c       quick_exit                 000000014001813c f   libucrt:exit.obj
 0001:0001714c       ??$__crt_interlocked_read@H@@YAHPEDH@Z 000000014001814c f i libucrt:setmode.obj
 0001:00017150       ?value@?$dual_state_global@H@__crt_state_management@@QEAAAEAHXZ 0000000140018150 f i libucrt:setmode.obj
 0001:00017154       _get_fmode                 0000000140018154 f   libucrt:setmode.obj
 0001:00017190       _set_fmode                 0000000140018190 f   libucrt:setmode.obj
 0001:000171dc       _setmode                   00000001400181dc f   libucrt:setmode.obj
 0001:00017320       _setmode_nolock            0000000140018320 f   libucrt:setmode.obj
 0001:0001743c       ??$?RU__crt_locale_data@@@__crt_internal_free_policy@@QEBAXQEBU__crt_locale_data@@@Z 000000014001843c f i libucrt:wsetlocale.obj
 0001:00017448       ??$?RU__crt_locale_pointers@@@__crt_internal_free_policy@@QEBAXQEBU__crt_locale_pointers@@@Z 0000000140018448 f i libucrt:wsetlocale.obj
 0001:00017454       ??$?RU__crt_multibyte_data@@@__crt_internal_free_policy@@QEBAXQEBU__crt_multibyte_data@@@Z 0000000140018454 f i libucrt:wsetlocale.obj
 0001:00017828       ??$__vcrt_va_start_verify_argument_type@H@@YAXXZ 0000000140018828 f i libucrt:wsetlocale.obj
 0001:00017960       ??0?$__crt_unique_heap_ptr@U__crt_locale_data@@U__crt_internal_free_policy@@@@QEAA@QEAU__crt_locale_data@@@Z 0000000140018960 f i libucrt:wsetlocale.obj
 0001:00017968       ??0?$__crt_unique_heap_ptr@U__crt_locale_pointers@@U__crt_internal_free_policy@@@@QEAA@QEAU__crt_locale_pointers@@@Z 0000000140018968 f i libucrt:wsetlocale.obj
 0001:00017970       ??0?$__crt_unique_heap_ptr@U__crt_multibyte_data@@U__crt_internal_free_policy@@@@QEAA@QEAU__crt_multibyte_data@@@Z 0000000140018970 f i libucrt:wsetlocale.obj
 0001:00017978       ??1?$__crt_unique_heap_ptr@U__crt_locale_data@@U__crt_internal_free_policy@@@@QEAA@XZ 0000000140018978 f i libucrt:wsetlocale.obj
 0001:0001799c       ??1?$__crt_unique_heap_ptr@U__crt_locale_pointers@@U__crt_internal_free_policy@@@@QEAA@XZ 000000014001899c f i libucrt:wsetlocale.obj
 0001:000179c0       ??1?$__crt_unique_heap_ptr@U__crt_multibyte_data@@U__crt_internal_free_policy@@@@QEAA@XZ 00000001400189c0 f i libucrt:wsetlocale.obj
 0001:000179e4       ??B?$__crt_unique_heap_ptr@U__crt_locale_data@@U__crt_internal_free_policy@@@@QEBA_NXZ 00000001400189e4 f i libucrt:wsetlocale.obj
 0001:000179f0       ??B?$__crt_unique_heap_ptr@U__crt_locale_pointers@@U__crt_internal_free_policy@@@@QEBA_NXZ 00000001400189f0 f i libucrt:wsetlocale.obj
 0001:000179fc       ??B?$__crt_unique_heap_ptr@U__crt_multibyte_data@@U__crt_internal_free_policy@@@@QEBA_NXZ 00000001400189fc f i libucrt:wsetlocale.obj
 0001:00017d08       ?detach@?$__crt_unique_heap_ptr@U__crt_locale_data@@U__crt_internal_free_policy@@@@QEAAPEAU__crt_locale_data@@XZ 0000000140018d08 f i libucrt:wsetlocale.obj
 0001:00017d14       ?detach@?$__crt_unique_heap_ptr@U__crt_locale_pointers@@U__crt_internal_free_policy@@@@QEAAPEAU__crt_locale_pointers@@XZ 0000000140018d14 f i libucrt:wsetlocale.obj
 0001:00017d20       ?detach@?$__crt_unique_heap_ptr@U__crt_multibyte_data@@U__crt_internal_free_policy@@@@QEAAPEAU__crt_multibyte_data@@XZ 0000000140018d20 f i libucrt:wsetlocale.obj
 0001:00017d2c       ?get@?$__crt_unique_heap_ptr@U__crt_locale_data@@U__crt_internal_free_policy@@@@QEBAPEAU__crt_locale_data@@XZ 0000000140018d2c f i libucrt:wsetlocale.obj
 0001:00017d30       ?get@?$__crt_unique_heap_ptr@U__crt_locale_pointers@@U__crt_internal_free_policy@@@@QEBAPEAU__crt_locale_pointers@@XZ 0000000140018d30 f i libucrt:wsetlocale.obj
 0001:00017d34       ?get@?$__crt_unique_heap_ptr@U__crt_multibyte_data@@U__crt_internal_free_policy@@@@QEBAPEAU__crt_multibyte_data@@XZ 0000000140018d34 f i libucrt:wsetlocale.obj
 0001:00017d38       ?is_valid@?$__crt_unique_heap_ptr@U__crt_locale_data@@U__crt_internal_free_policy@@@@QEBA_NXZ 0000000140018d38 f i libucrt:wsetlocale.obj
 0001:00017d44       ?is_valid@?$__crt_unique_heap_ptr@U__crt_locale_pointers@@U__crt_internal_free_policy@@@@QEBA_NXZ 0000000140018d44 f i libucrt:wsetlocale.obj
 0001:00017d50       ?is_valid@?$__crt_unique_heap_ptr@U__crt_multibyte_data@@U__crt_internal_free_policy@@@@QEBA_NXZ 0000000140018d50 f i libucrt:wsetlocale.obj
 0001:00017d5c       ?release@?$__crt_unique_heap_ptr@U__crt_locale_data@@U__crt_internal_free_policy@@@@QEAAXXZ 0000000140018d5c f i libucrt:wsetlocale.obj
 0001:00017d80       ?release@?$__crt_unique_heap_ptr@U__crt_locale_pointers@@U__crt_internal_free_policy@@@@QEAAXXZ 0000000140018d80 f i libucrt:wsetlocale.obj
 0001:00017da4       ?release@?$__crt_unique_heap_ptr@U__crt_multibyte_data@@U__crt_internal_free_policy@@@@QEAAXXZ 0000000140018da4 f i libucrt:wsetlocale.obj
 0001:00017dc8       ?value@?$dual_state_global@PEAU__crt_locale_data@@@__crt_state_management@@QEAAAEAPEAU__crt_locale_data@@XZ 0000000140018dc8 f i libucrt:wsetlocale.obj
 0001:00017dcc       __acrt_copy_locale_name    0000000140018dcc f   libucrt:wsetlocale.obj
 0001:00017e70       __acrt_set_locale_changed  0000000140018e70 f   libucrt:wsetlocale.obj
 0001:00017e80       __acrt_uninitialize_locale 0000000140018e80 f   libucrt:wsetlocale.obj
 0001:00017ebc       __lc_lctowcs               0000000140018ebc f   libucrt:wsetlocale.obj
 0001:00017f88       __lc_wcstolc               0000000140018f88 f   libucrt:wsetlocale.obj
 0001:000181ac       _configthreadlocale        00000001400191ac f   libucrt:wsetlocale.obj
 0001:00018320       _create_locale             0000000140019320 f   libucrt:wsetlocale.obj
 0001:000183b4       _expandlocale              00000001400193b4 f   libucrt:wsetlocale.obj
 0001:000188b0       _free_locale               00000001400198b0 f   libucrt:wsetlocale.obj
 0001:0001897c       _get_current_locale        000000014001997c f   libucrt:wsetlocale.obj
 0001:00018a68       _wcreate_locale            0000000140019a68 f   libucrt:wsetlocale.obj
 0001:00018c04       _wcscats                   0000000140019c04 f   libucrt:wsetlocale.obj
 0001:00018c84       _wsetlocale                0000000140019c84 f   libucrt:wsetlocale.obj
 0001:00019718       ?value@?$dual_state_global@J@__crt_state_management@@QEAAAEAJXZ 000000014001a718 f i libucrt:new_mode.obj
 0001:0001971c       _query_new_mode            000000014001a71c f   libucrt:new_mode.obj
 0001:00019724       _set_new_mode              000000014001a724 f   libucrt:new_mode.obj
 0001:0001975c       __p__commode               000000014001a75c f   libucrt:ncommode.obj
 0001:00019768       ??$?BP6AXXZ@__crt_fast_encoded_nullptr_t@@QEBAPEAP6AXXZXZ 000000014001a768 f i libucrt:onexit.obj
 0001:0001978c       ??$?RP6AXXZ@__crt_internal_free_policy@@QEBAXQEBQ6AXXZ@Z 000000014001a78c f i libucrt:onexit.obj
 0001:00019890       ??$__crt_fast_encode_pointer@P6AHXZ@@YAP6AHXZQ6AHXZ@Z 000000014001a890 f i libucrt:onexit.obj
 0001:00019900       ??0?$__crt_unique_heap_ptr@P6AXXZU__crt_internal_free_policy@@@@QEAA@QEAP6AXXZ@Z 000000014001a900 f i libucrt:onexit.obj
 0001:00019908       ??1?$__crt_unique_heap_ptr@P6AXXZU__crt_internal_free_policy@@@@QEAA@XZ 000000014001a908 f i libucrt:onexit.obj
 0001:0001992c       ??1scoped_global_state_reset@__crt_state_management@@QEAA@XZ 000000014001a92c f i libucrt:onexit.obj
 0001:00019d20       ?detach@?$__crt_unique_heap_ptr@P6AXXZU__crt_internal_free_policy@@@@QEAAPEAP6AXXZXZ 000000014001ad20 f i libucrt:onexit.obj
 0001:00019d2c       ?release@?$__crt_unique_heap_ptr@P6AXXZU__crt_internal_free_policy@@@@QEAAXXZ 000000014001ad2c f i libucrt:onexit.obj
 0001:00019d50       _crt_at_quick_exit         000000014001ad50 f   libucrt:onexit.obj
 0001:00019d64       _crt_atexit                000000014001ad64 f   libucrt:onexit.obj
 0001:00019d78       _execute_onexit_table      000000014001ad78 f   libucrt:onexit.obj
 0001:00019dc0       _initialize_onexit_table   000000014001adc0 f   libucrt:onexit.obj
 0001:00019e10       _register_onexit_function  000000014001ae10 f   libucrt:onexit.obj
 0001:0001a0ec       ?__acrt_stdio_is_initialized@@YA_NXZ 000000014001b0ec f i libucrt:initialization.obj
 0001:0001a0fc       ?initialize@?$dual_state_global@PEAU__crt_locale_data@@@__crt_state_management@@QEAAXQEAU__crt_locale_data@@@Z 000000014001b0fc f i libucrt:initialization.obj
 0001:0001a130       __acrt_initialize          000000014001b130 f   libucrt:initialization.obj
 0001:0001a148       __acrt_thread_attach       000000014001b148 f   libucrt:initialization.obj
 0001:0001a164       __acrt_thread_detach       000000014001b164 f   libucrt:initialization.obj
 0001:0001a178       __acrt_uninitialize        000000014001b178 f   libucrt:initialization.obj
 0001:0001a1bc       __acrt_uninitialize_critical 000000014001b1bc f   libucrt:initialization.obj
 0001:0001a1e8       _get_terminate             000000014001b1e8 f   libucrt:terminate.obj
 0001:0001a214       set_terminate              000000014001b214 f   libucrt:terminate.obj
 0001:0001a24c       terminate                  000000014001b24c f   libucrt:terminate.obj
 0001:0001a280       _free_base                 000000014001b280 f   libucrt:free_base.obj
 0001:0001a2cc       _malloc_base               000000014001b2cc f   libucrt:malloc_base.obj
 0001:0001a3c0       strcpy_s                   000000014001b3c0 f   libucrt:strcpy_s.obj
 0001:0001a438       _set_abort_behavior        000000014001b438 f   libucrt:abort.obj
 0001:0001a45c       abort                      000000014001b45c f   libucrt:abort.obj
 0001:0001a4c8       _calloc_base               000000014001b4c8 f   libucrt:calloc_base.obj
 0001:0001a55c       wcsncmp                    000000014001b55c f   libucrt:wcsncmp.obj
 0001:0001a594       ??$?0AEBV?$stream_output_adapter@D@__crt_stdio_output@@AEB_KAEBQEBDAEBQEAU__crt_locale_pointers@@AEBQEAD@?$format_validation_base@DV?$stream_output_adapter@D@__crt_stdio_output@@@__crt_stdio_output@@IEAA@AEBV?$stream_output_adapter@D@1@AEB_KAEBQEBDAEBQEAU__crt_locale_pointers@@AEBQEAD@Z 000000014001b594 f i libucrt:output.obj
 0001:0001a638       ??$?0AEBV?$stream_output_adapter@D@__crt_stdio_output@@AEB_KAEBQEBDAEBQEAU__crt_locale_pointers@@AEBQEAD@?$positional_parameter_base@DV?$stream_output_adapter@D@__crt_stdio_output@@@__crt_stdio_output@@IEAA@AEBV?$stream_output_adapter@D@1@AEB_KAEBQEBDAEBQEAU__crt_locale_pointers@@AEBQEAD@Z 000000014001b638 f i libucrt:output.obj
 0001:0001a700       ??$?0AEBV?$stream_output_adapter@D@__crt_stdio_output@@AEB_KAEBQEBDAEBQEAU__crt_locale_pointers@@AEBQEAD@?$standard_base@DV?$stream_output_adapter@D@__crt_stdio_output@@@__crt_stdio_output@@IEAA@AEBV?$stream_output_adapter@D@1@AEB_KAEBQEBDAEBQEAU__crt_locale_pointers@@AEBQEAD@Z 000000014001b700 f i libucrt:output.obj
 0001:0001a7a4       ??$?0AEBV?$stream_output_adapter@_W@__crt_stdio_output@@AEB_KAEBQEB_WAEBQEAU__crt_locale_pointers@@AEBQEAD@?$format_validation_base@_WV?$stream_output_adapter@_W@__crt_stdio_output@@@__crt_stdio_output@@IEAA@AEBV?$stream_output_adapter@_W@1@AEB_KAEBQEB_WAEBQEAU__crt_locale_pointers@@AEBQEAD@Z 000000014001b7a4 f i libucrt:output.obj
 0001:0001a84c       ??$?0AEBV?$stream_output_adapter@_W@__crt_stdio_output@@AEB_KAEBQEB_WAEBQEAU__crt_locale_pointers@@AEBQEAD@?$positional_parameter_base@_WV?$stream_output_adapter@_W@__crt_stdio_output@@@__crt_stdio_output@@IEAA@AEBV?$stream_output_adapter@_W@1@AEB_KAEBQEB_WAEBQEAU__crt_locale_pointers@@AEBQEAD@Z 000000014001b84c f i libucrt:output.obj
 0001:0001a918       ??$?0AEBV?$stream_output_adapter@_W@__crt_stdio_output@@AEB_KAEBQEB_WAEBQEAU__crt_locale_pointers@@AEBQEAD@?$standard_base@_WV?$stream_output_adapter@_W@__crt_stdio_output@@@__crt_stdio_output@@IEAA@AEBV?$stream_output_adapter@_W@1@AEB_KAEBQEB_WAEBQEAU__crt_locale_pointers@@AEBQEAD@Z 000000014001b918 f i libucrt:output.obj
 0001:0001a9c0       ??$?0AEBV?$string_output_adapter@D@__crt_stdio_output@@AEB_KAEBQEBDAEBQEAU__crt_locale_pointers@@AEBQEAD@?$format_validation_base@DV?$string_output_adapter@D@__crt_stdio_output@@@__crt_stdio_output@@IEAA@AEBV?$string_output_adapter@D@1@AEB_KAEBQEBDAEBQEAU__crt_locale_pointers@@AEBQEAD@Z 000000014001b9c0 f i libucrt:output.obj
 0001:0001aa64       ??$?0AEBV?$string_output_adapter@D@__crt_stdio_output@@AEB_KAEBQEBDAEBQEAU__crt_locale_pointers@@AEBQEAD@?$positional_parameter_base@DV?$string_output_adapter@D@__crt_stdio_output@@@__crt_stdio_output@@IEAA@AEBV?$string_output_adapter@D@1@AEB_KAEBQEBDAEBQEAU__crt_locale_pointers@@AEBQEAD@Z 000000014001ba64 f i libucrt:output.obj
 0001:0001ab2c       ??$?0AEBV?$string_output_adapter@D@__crt_stdio_output@@AEB_KAEBQEBDAEBQEAU__crt_locale_pointers@@AEBQEAD@?$standard_base@DV?$string_output_adapter@D@__crt_stdio_output@@@__crt_stdio_output@@IEAA@AEBV?$string_output_adapter@D@1@AEB_KAEBQEBDAEBQEAU__crt_locale_pointers@@AEBQEAD@Z 000000014001bb2c f i libucrt:output.obj
 0001:0001abd0       ??$?0AEBV?$string_output_adapter@_W@__crt_stdio_output@@AEB_KAEBQEB_WAEBQEAU__crt_locale_pointers@@AEBQEAD@?$format_validation_base@_WV?$string_output_adapter@_W@__crt_stdio_output@@@__crt_stdio_output@@IEAA@AEBV?$string_output_adapter@_W@1@AEB_KAEBQEB_WAEBQEAU__crt_locale_pointers@@AEBQEAD@Z 000000014001bbd0 f i libucrt:output.obj
 0001:0001ac78       ??$?0AEBV?$string_output_adapter@_W@__crt_stdio_output@@AEB_KAEBQEB_WAEBQEAU__crt_locale_pointers@@AEBQEAD@?$positional_parameter_base@_WV?$string_output_adapter@_W@__crt_stdio_output@@@__crt_stdio_output@@IEAA@AEBV?$string_output_adapter@_W@1@AEB_KAEBQEB_WAEBQEAU__crt_locale_pointers@@AEBQEAD@Z 000000014001bc78 f i libucrt:output.obj
 0001:0001ad44       ??$?0AEBV?$string_output_adapter@_W@__crt_stdio_output@@AEB_KAEBQEB_WAEBQEAU__crt_locale_pointers@@AEBQEAD@?$standard_base@_WV?$string_output_adapter@_W@__crt_stdio_output@@@__crt_stdio_output@@IEAA@AEBV?$string_output_adapter@_W@1@AEB_KAEBQEB_WAEBQEAU__crt_locale_pointers@@AEBQEAD@Z 000000014001bd44 f i libucrt:output.obj
 0001:0001c6cc       ??$count@D@formatting_buffer@__crt_stdio_output@@QEBA_KXZ 000000014001d6cc f i libucrt:output.obj
 0001:0001c6f0       ??$count@_W@formatting_buffer@__crt_stdio_output@@QEBA_KXZ 000000014001d6f0 f i libucrt:output.obj
 0001:0001c714       ??$data@D@formatting_buffer@__crt_stdio_output@@QEAAPEADXZ 000000014001d714 f i libucrt:output.obj
 0001:0001c728       ??$data@_W@formatting_buffer@__crt_stdio_output@@QEAAPEA_WXZ 000000014001d728 f i libucrt:output.obj
 0001:0001c73c       ??$ensure_buffer_is_big_enough@D@formatting_buffer@__crt_stdio_output@@QEAA_N_K@Z 000000014001d73c f i libucrt:output.obj
 0001:0001c80c       ??$ensure_buffer_is_big_enough@_W@formatting_buffer@__crt_stdio_output@@QEAA_N_K@Z 000000014001d80c f i libucrt:output.obj
 0001:0001c8e0       ??$extract_argument_from_va_list@C_J@?$positional_parameter_base@DV?$stream_output_adapter@D@__crt_stdio_output@@@__crt_stdio_output@@IEAA_NAEA_J@Z 000000014001d8e0 f i libucrt:output.obj
 0001:0001c9d4       ??$extract_argument_from_va_list@C_J@?$positional_parameter_base@DV?$string_output_adapter@D@__crt_stdio_output@@@__crt_stdio_output@@IEAA_NAEA_J@Z 000000014001d9d4 f i libucrt:output.obj
 0001:0001cac8       ??$extract_argument_from_va_list@C_J@?$positional_parameter_base@_WV?$stream_output_adapter@_W@__crt_stdio_output@@@__crt_stdio_output@@IEAA_NAEA_J@Z 000000014001dac8 f i libucrt:output.obj
 0001:0001cbc0       ??$extract_argument_from_va_list@C_J@?$positional_parameter_base@_WV?$string_output_adapter@_W@__crt_stdio_output@@@__crt_stdio_output@@IEAA_NAEA_J@Z 000000014001dbc0 f i libucrt:output.obj
 0001:0001ccb8       ??$extract_argument_from_va_list@C_J@?$standard_base@DV?$stream_output_adapter@D@__crt_stdio_output@@@__crt_stdio_output@@IEAA_NAEA_J@Z 000000014001dcb8 f i libucrt:output.obj
 0001:0001ccd4       ??$extract_argument_from_va_list@C_J@?$standard_base@DV?$string_output_adapter@D@__crt_stdio_output@@@__crt_stdio_output@@IEAA_NAEA_J@Z 000000014001dcd4 f i libucrt:output.obj
 0001:0001ccf0       ??$extract_argument_from_va_list@C_J@?$standard_base@_WV?$stream_output_adapter@_W@__crt_stdio_output@@@__crt_stdio_output@@IEAA_NAEA_J@Z 000000014001dcf0 f i libucrt:output.obj
 0001:0001cd0c       ??$extract_argument_from_va_list@C_J@?$standard_base@_WV?$string_output_adapter@_W@__crt_stdio_output@@@__crt_stdio_output@@IEAA_NAEA_J@Z 000000014001dd0c f i libucrt:output.obj
 0001:0001cd28       ??$extract_argument_from_va_list@E_J@?$positional_parameter_base@DV?$stream_output_adapter@D@__crt_stdio_output@@@__crt_stdio_output@@IEAA_NAEA_J@Z 000000014001dd28 f i libucrt:output.obj
 0001:0001ce1c       ??$extract_argument_from_va_list@E_J@?$positional_parameter_base@DV?$string_output_adapter@D@__crt_stdio_output@@@__crt_stdio_output@@IEAA_NAEA_J@Z 000000014001de1c f i libucrt:output.obj
 0001:0001cf10       ??$extract_argument_from_va_list@E_J@?$positional_parameter_base@_WV?$stream_output_adapter@_W@__crt_stdio_output@@@__crt_stdio_output@@IEAA_NAEA_J@Z 000000014001df10 f i libucrt:output.obj
 0001:0001d008       ??$extract_argument_from_va_list@E_J@?$positional_parameter_base@_WV?$string_output_adapter@_W@__crt_stdio_output@@@__crt_stdio_output@@IEAA_NAEA_J@Z 000000014001e008 f i libucrt:output.obj
 0001:0001d100       ??$extract_argument_from_va_list@E_J@?$standard_base@DV?$stream_output_adapter@D@__crt_stdio_output@@@__crt_stdio_output@@IEAA_NAEA_J@Z 000000014001e100 f i libucrt:output.obj
 0001:0001d118       ??$extract_argument_from_va_list@E_J@?$standard_base@DV?$string_output_adapter@D@__crt_stdio_output@@@__crt_stdio_output@@IEAA_NAEA_J@Z 000000014001e118 f i libucrt:output.obj
 0001:0001d130       ??$extract_argument_from_va_list@E_J@?$standard_base@_WV?$stream_output_adapter@_W@__crt_stdio_output@@@__crt_stdio_output@@IEAA_NAEA_J@Z 000000014001e130 f i libucrt:output.obj
 0001:0001d148       ??$extract_argument_from_va_list@E_J@?$standard_base@_WV?$string_output_adapter@_W@__crt_stdio_output@@@__crt_stdio_output@@IEAA_NAEA_J@Z 000000014001e148 f i libucrt:output.obj
 0001:0001d160       ??$extract_argument_from_va_list@F_J@?$positional_parameter_base@DV?$stream_output_adapter@D@__crt_stdio_output@@@__crt_stdio_output@@IEAA_NAEA_J@Z 000000014001e160 f i libucrt:output.obj
 0001:0001d254       ??$extract_argument_from_va_list@F_J@?$positional_parameter_base@DV?$string_output_adapter@D@__crt_stdio_output@@@__crt_stdio_output@@IEAA_NAEA_J@Z 000000014001e254 f i libucrt:output.obj
 0001:0001d348       ??$extract_argument_from_va_list@F_J@?$positional_parameter_base@_WV?$stream_output_adapter@_W@__crt_stdio_output@@@__crt_stdio_output@@IEAA_NAEA_J@Z 000000014001e348 f i libucrt:output.obj
 0001:0001d440       ??$extract_argument_from_va_list@F_J@?$positional_parameter_base@_WV?$string_output_adapter@_W@__crt_stdio_output@@@__crt_stdio_output@@IEAA_NAEA_J@Z 000000014001e440 f i libucrt:output.obj
 0001:0001d538       ??$extract_argument_from_va_list@F_J@?$standard_base@DV?$stream_output_adapter@D@__crt_stdio_output@@@__crt_stdio_output@@IEAA_NAEA_J@Z 000000014001e538 f i libucrt:output.obj
 0001:0001d554       ??$extract_argument_from_va_list@F_J@?$standard_base@DV?$string_output_adapter@D@__crt_stdio_output@@@__crt_stdio_output@@IEAA_NAEA_J@Z 000000014001e554 f i libucrt:output.obj
 0001:0001d570       ??$extract_argument_from_va_list@F_J@?$standard_base@_WV?$stream_output_adapter@_W@__crt_stdio_output@@@__crt_stdio_output@@IEAA_NAEA_J@Z 000000014001e570 f i libucrt:output.obj
 0001:0001d58c       ??$extract_argument_from_va_list@F_J@?$standard_base@_WV?$string_output_adapter@_W@__crt_stdio_output@@@__crt_stdio_output@@IEAA_NAEA_J@Z 000000014001e58c f i libucrt:output.obj
 0001:0001d5a8       ??$extract_argument_from_va_list@GD@?$positional_parameter_base@DV?$stream_output_adapter@D@__crt_stdio_output@@@__crt_stdio_output@@IEAA_NAEAD@Z 000000014001e5a8 f i libucrt:output.obj
 0001:0001d698       ??$extract_argument_from_va_list@GD@?$positional_parameter_base@DV?$string_output_adapter@D@__crt_stdio_output@@@__crt_stdio_output@@IEAA_NAEAD@Z 000000014001e698 f i libucrt:output.obj
 0001:0001d788       ??$extract_argument_from_va_list@GD@?$standard_base@DV?$stream_output_adapter@D@__crt_stdio_output@@@__crt_stdio_output@@IEAA_NAEAD@Z 000000014001e788 f i libucrt:output.obj
 0001:0001d7a0       ??$extract_argument_from_va_list@GD@?$standard_base@DV?$string_output_adapter@D@__crt_stdio_output@@@__crt_stdio_output@@IEAA_NAEAD@Z 000000014001e7a0 f i libucrt:output.obj
 0001:0001d7b8       ??$extract_argument_from_va_list@G_J@?$positional_parameter_base@DV?$stream_output_adapter@D@__crt_stdio_output@@@__crt_stdio_output@@IEAA_NAEA_J@Z 000000014001e7b8 f i libucrt:output.obj
 0001:0001d8ac       ??$extract_argument_from_va_list@G_J@?$positional_parameter_base@DV?$string_output_adapter@D@__crt_stdio_output@@@__crt_stdio_output@@IEAA_NAEA_J@Z 000000014001e8ac f i libucrt:output.obj
 0001:0001d9a0       ??$extract_argument_from_va_list@G_J@?$positional_parameter_base@_WV?$stream_output_adapter@_W@__crt_stdio_output@@@__crt_stdio_output@@IEAA_NAEA_J@Z 000000014001e9a0 f i libucrt:output.obj
 0001:0001da98       ??$extract_argument_from_va_list@G_J@?$positional_parameter_base@_WV?$string_output_adapter@_W@__crt_stdio_output@@@__crt_stdio_output@@IEAA_NAEA_J@Z 000000014001ea98 f i libucrt:output.obj
 0001:0001db90       ??$extract_argument_from_va_list@G_J@?$standard_base@DV?$stream_output_adapter@D@__crt_stdio_output@@@__crt_stdio_output@@IEAA_NAEA_J@Z 000000014001eb90 f i libucrt:output.obj
 0001:0001dba8       ??$extract_argument_from_va_list@G_J@?$standard_base@DV?$string_output_adapter@D@__crt_stdio_output@@@__crt_stdio_output@@IEAA_NAEA_J@Z 000000014001eba8 f i libucrt:output.obj
 0001:0001dbc0       ??$extract_argument_from_va_list@G_J@?$standard_base@_WV?$stream_output_adapter@_W@__crt_stdio_output@@@__crt_stdio_output@@IEAA_NAEA_J@Z 000000014001ebc0 f i libucrt:output.obj
 0001:0001dbd8       ??$extract_argument_from_va_list@G_J@?$standard_base@_WV?$string_output_adapter@_W@__crt_stdio_output@@@__crt_stdio_output@@IEAA_NAEA_J@Z 000000014001ebd8 f i libucrt:output.obj
 0001:0001dbf0       ??$extract_argument_from_va_list@H_J@?$positional_parameter_base@DV?$stream_output_adapter@D@__crt_stdio_output@@@__crt_stdio_output@@IEAA_NAEA_J@Z 000000014001ebf0 f i libucrt:output.obj
 0001:0001dce4       ??$extract_argument_from_va_list@H_J@?$positional_parameter_base@DV?$string_output_adapter@D@__crt_stdio_output@@@__crt_stdio_output@@IEAA_NAEA_J@Z 000000014001ece4 f i libucrt:output.obj
 0001:0001ddd8       ??$extract_argument_from_va_list@H_J@?$positional_parameter_base@_WV?$stream_output_adapter@_W@__crt_stdio_output@@@__crt_stdio_output@@IEAA_NAEA_J@Z 000000014001edd8 f i libucrt:output.obj
 0001:0001decc       ??$extract_argument_from_va_list@H_J@?$positional_parameter_base@_WV?$string_output_adapter@_W@__crt_stdio_output@@@__crt_stdio_output@@IEAA_NAEA_J@Z 000000014001eecc f i libucrt:output.obj
 0001:0001dfc0       ??$extract_argument_from_va_list@H_J@?$standard_base@DV?$stream_output_adapter@D@__crt_stdio_output@@@__crt_stdio_output@@IEAA_NAEA_J@Z 000000014001efc0 f i libucrt:output.obj
 0001:0001dfd8       ??$extract_argument_from_va_list@H_J@?$standard_base@DV?$string_output_adapter@D@__crt_stdio_output@@@__crt_stdio_output@@IEAA_NAEA_J@Z 000000014001efd8 f i libucrt:output.obj
 0001:0001dff0       ??$extract_argument_from_va_list@H_J@?$standard_base@_WV?$stream_output_adapter@_W@__crt_stdio_output@@@__crt_stdio_output@@IEAA_NAEA_J@Z 000000014001eff0 f i libucrt:output.obj
 0001:0001e008       ??$extract_argument_from_va_list@H_J@?$standard_base@_WV?$string_output_adapter@_W@__crt_stdio_output@@@__crt_stdio_output@@IEAA_NAEA_J@Z 000000014001f008 f i libucrt:output.obj
 0001:0001e020       ??$extract_argument_from_va_list@I_J@?$positional_parameter_base@DV?$stream_output_adapter@D@__crt_stdio_output@@@__crt_stdio_output@@IEAA_NAEA_J@Z 000000014001f020 f i libucrt:output.obj
 0001:0001e110       ??$extract_argument_from_va_list@I_J@?$positional_parameter_base@DV?$string_output_adapter@D@__crt_stdio_output@@@__crt_stdio_output@@IEAA_NAEA_J@Z 000000014001f110 f i libucrt:output.obj
 0001:0001e200       ??$extract_argument_from_va_list@I_J@?$positional_parameter_base@_WV?$stream_output_adapter@_W@__crt_stdio_output@@@__crt_stdio_output@@IEAA_NAEA_J@Z 000000014001f200 f i libucrt:output.obj
 0001:0001e2f4       ??$extract_argument_from_va_list@I_J@?$positional_parameter_base@_WV?$string_output_adapter@_W@__crt_stdio_output@@@__crt_stdio_output@@IEAA_NAEA_J@Z 000000014001f2f4 f i libucrt:output.obj
 0001:0001e3e8       ??$extract_argument_from_va_list@I_J@?$standard_base@DV?$stream_output_adapter@D@__crt_stdio_output@@@__crt_stdio_output@@IEAA_NAEA_J@Z 000000014001f3e8 f i libucrt:output.obj
 0001:0001e400       ??$extract_argument_from_va_list@I_J@?$standard_base@DV?$string_output_adapter@D@__crt_stdio_output@@@__crt_stdio_output@@IEAA_NAEA_J@Z 000000014001f400 f i libucrt:output.obj
 0001:0001e418       ??$extract_argument_from_va_list@I_J@?$standard_base@_WV?$stream_output_adapter@_W@__crt_stdio_output@@@__crt_stdio_output@@IEAA_NAEA_J@Z 000000014001f418 f i libucrt:output.obj
[...]
 0002:0000d120       ??_R4DNameStatusNode@@6B@  0000000140071120     libvcruntime:undname.obj
 0002:0000d150       ??_R3DNameStatusNode@@8    0000000140071150     libvcruntime:undname.obj
 0002:0000d168       ??_R2DNameStatusNode@@8    0000000140071168     libvcruntime:undname.obj
 0002:0000d180       ??_R1A@?0A@EA@DNameStatusNode@@8 0000000140071180     libvcruntime:undname.obj
 0002:0000d1b0       ??_R4pairNode@@6B@         00000001400711b0     libvcruntime:undname.obj
 0002:0000d1e0       ??_R3pairNode@@8           00000001400711e0     libvcruntime:undname.obj
 0002:0000d1f8       ??_R2pairNode@@8           00000001400711f8     libvcruntime:undname.obj
 0002:0000d210       ??_R1A@?0A@EA@pairNode@@8  0000000140071210     libvcruntime:undname.obj
 0002:0000d240       ??_R4type_info@@6B@        0000000140071240     LIBCMT:std_type_info_static.obj
 0002:0000d270       ??_R3type_info@@8          0000000140071270     LIBCMT:std_type_info_static.obj
 0002:0000d288       ??_R2type_info@@8          0000000140071288     LIBCMT:std_type_info_static.obj
 0002:0000d298       ??_R1A@?0A@EA@type_info@@8 0000000140071298     LIBCMT:std_type_info_static.obj
 0002:0000d548       __rtc_iaa                  0000000140071548     LIBCMT:_initsect_.obj
 0002:0000d658       __rtc_izz                  0000000140071658     LIBCMT:_initsect_.obj
 0002:0000d768       __rtc_taa                  0000000140071768     LIBCMT:_initsect_.obj
 0002:0000d878       __rtc_tzz                  0000000140071878     LIBCMT:_initsect_.obj
 0003:00000020       __security_cookie          0000000140078020     LIBCMT:gs_cookie.obj
 0003:00000028       __security_cookie_complement 0000000140078028     LIBCMT:gs_cookie.obj
 0003:00000034       _fltused                   0000000140078034     LIBCMT:fltused.obj
 0003:00000038       __scrt_native_dllmain_reason 0000000140078038     LIBCMT:utility.obj
 0003:0000003c       __scrt_default_matherr     000000014007803c     LIBCMT:matherr.obj
 0003:00000040       __isa_available            0000000140078040     LIBCMT:_cpu_disp_.obj
 0003:00000044       __isa_enabled              0000000140078044     LIBCMT:_cpu_disp_.obj
 0003:00000048       __memcpy_nt_iters          0000000140078048     LIBCMT:_cpu_disp_.obj
 0003:0000007c       __abort_behavior           000000014007807c     libucrt:abort.obj
 0003:00000090       __acrt_initial_multibyte_data 0000000140078090     libucrt:mbctype.obj
 0003:000006d0       __badioinfo                00000001400786d0     libucrt:ioinit.obj
 0003:0000071c       __mb_cur_max               000000014007871c     libucrt:nlsdata.obj
 0003:00000720       __acrt_initial_locale_data 0000000140078720     libucrt:nlsdata.obj
 0003:000008c0       __acrt_initial_locale_pointers 00000001400788c0     libucrt:nlsdata.obj
 0003:000008d4       __acrt_wide_c_locale_string 00000001400788d4     libucrt:nlsdata.obj
 0003:000008d8       _pctype                    00000001400788d8     libucrt:ctype.obj
 0003:000008e8       _pwctype                   00000001400788e8     libucrt:ctype.obj
 0003:00000900       __acrt_lconv_c             0000000140078900     libucrt:localeconv.obj
 0003:000009b8       __acrt_lconv               00000001400789b8     libucrt:localeconv.obj
 0003:000009c4       __acrt_lconv_static_decimal 00000001400789c4     libucrt:localeconv.obj
 0003:000009c8       __acrt_lconv_static_W_decimal 00000001400789c8     libucrt:localeconv.obj
 0003:000009cc       __globallocalestatus       00000001400789cc     libucrt:glstatus.obj
 0003:000009d0       _iob                       00000001400789d0     libucrt:_file.obj
 0003:00000c50       ??_R0?AVDNameNode@@@8      0000000140078c50     libvcruntime:undname.obj
 0003:00000c78       ??_R0?AVcharNode@@@8       0000000140078c78     libvcruntime:undname.obj
 0003:00000ca0       ??_R0?AVpcharNode@@@8      0000000140078ca0     libvcruntime:undname.obj
 0003:00000cc8       ??_R0?AVpDNameNode@@@8     0000000140078cc8     libvcruntime:undname.obj
 0003:00000cf0       ??_R0?AVDNameStatusNode@@@8 0000000140078cf0     libvcruntime:undname.obj
 0003:00000d20       ??_R0?AVpairNode@@@8       0000000140078d20     libvcruntime:undname.obj
 0003:00000d48       ??_R0?AVtype_info@@@8      0000000140078d48     LIBCMT:std_type_info_static.obj
 0003:00001598       __scrt_current_native_startup_state 0000000140079598     LIBCMT:utility.obj
 0003:000015a0       __scrt_native_startup_lock 00000001400795a0     LIBCMT:utility.obj
 0003:000015f0       ?__type_info_root_node@@3U__type_info_node@@A 00000001400795f0     LIBCMT:tncleanup.obj
 0003:00001608       ?_OptionsStorage@?1??__local_stdio_printf_options@@9@4_KA 0000000140079608     LIBCMT:default_local_stdio_options.obj
 0003:00001618       ?_OptionsStorage@?1??__local_stdio_scanf_options@@9@4_KA 0000000140079618     LIBCMT:default_local_stdio_options.obj
 0003:00001624       __scrt_debugger_hook_flag  0000000140079624     LIBCMT:utility_desktop.obj
 0003:00001628       __favor                    0000000140079628     LIBCMT:_cpu_disp_.obj
 0003:00001748       __pPurecall                0000000140079748     libvcruntime:purevirt_data.obj
 0003:00001758       ?pArgList@UnDecorator@@0PEAVReplicator@@EA 0000000140079758     libvcruntime:undname.obj
 0003:00001760       ?pZNameList@UnDecorator@@0PEAVReplicator@@EA 0000000140079760     libvcruntime:undname.obj
 0003:00001768       ?pTemplateArgList@UnDecorator@@0PEAVReplicator@@EA 0000000140079768     libvcruntime:undname.obj
 0003:00001770       ?gName@UnDecorator@@0PEBDEB 0000000140079770     libvcruntime:undname.obj
 0003:00001778       ?name@UnDecorator@@0PEBDEB 0000000140079778     libvcruntime:undname.obj
 0003:00001780       ?outputString@UnDecorator@@0PEADEA 0000000140079780     libvcruntime:undname.obj
 0003:00001788       ?maxStringLength@UnDecorator@@0HA 0000000140079788     libvcruntime:undname.obj
 0003:0000178c       ?disableFlags@UnDecorator@@0KA 000000014007978c     libvcruntime:undname.obj
 0003:00001790       ?fExplicitTemplateParams@UnDecorator@@0_NA 0000000140079790     libvcruntime:undname.obj
 0003:00001791       ?fGetTemplateArgumentList@UnDecorator@@0_NA 0000000140079791     libvcruntime:undname.obj
 0003:00001798       ?m_pGetParameter@UnDecorator@@0P6APEADJ@ZEA 0000000140079798     libvcruntime:undname.obj
 0003:00002328       _environ_table             000000014007a328     libucrt:environment_initialization.obj
 0003:00002330       _wenviron_table            000000014007a330     libucrt:environment_initialization.obj
 0003:00002340       __dcrt_initial_wide_environment 000000014007a340     libucrt:environment_initialization.obj
 0003:00002350       __dcrt_initial_narrow_environment 000000014007a350     libucrt:environment_initialization.obj
 0003:00002371       ?c_exit_complete@?1???R<lambda_6e4b09c48022b2350581041d5f6b0c4c>@@QEBA@XZ@4_NA 000000014007a371     libucrt:exit.obj
 0003:00002374       __acrt_locale_changed_data 000000014007a374     libucrt:wsetlocale.obj
 0003:0000237c       _commode                   000000014007a37c     libucrt:ncommode.obj
 0003:00002380       __acrt_atexit_table        000000014007a380     libucrt:onexit.obj
 0003:000023a0       __acrt_at_quick_exit_table 000000014007a3a0     libucrt:onexit.obj
 0003:000023bc       __fma3_is_available        000000014007a3bc     libucrt:fma3_available.obj
 0003:000023c0       __use_fma3_lib             000000014007a3c0     libucrt:fma3_available.obj
 0003:000023d8       __acrt_current_multibyte_data 000000014007a3d8     libucrt:mbctype.obj
 0003:000023e0       _mbctype                   000000014007a3e0     libucrt:mbctype.obj
 0003:000023e8       _mbcasemap                 000000014007a3e8     libucrt:mbctype.obj
 0003:000023fc       __argc                     000000014007a3fc     libucrt:argv_data.obj
 0003:00002400       __argv                     000000014007a400     libucrt:argv_data.obj
 0003:00002410       __wargv                    000000014007a410     libucrt:argv_data.obj
 0003:00002420       _acmdln                    000000014007a420     libucrt:argv_data.obj
 0003:00002430       _wcmdln                    000000014007a430     libucrt:argv_data.obj
 0003:00002440       _pgmptr                    000000014007a440     libucrt:argv_data.obj
 0003:00002450       _wpgmptr                   000000014007a450     libucrt:argv_data.obj
 0003:00002710       _fmode                     000000014007a710     libucrt:txtmode.obj
 0003:00002720       __pioinfo                  000000014007a720     libucrt:ioinit.obj
 0003:00002bec       _nhandle                   000000014007abec     libucrt:ioinit.obj
 0003:00002bf0       __acrt_current_locale_data 000000014007abf0     libucrt:nlsdata.obj
 0003:00002e11       __acrt_lconv_static_null   000000014007ae11     libucrt:localeconv.obj
 0003:00002e14       __acrt_lconv_static_W_null 000000014007ae14     libucrt:localeconv.obj
 0003:00002e18       __acrt_heap                000000014007ae18     libucrt:heap_handle.obj
 0003:00002e60       _nstream                   000000014007ae60     libucrt:_file.obj
 0003:00002e68       __piob                     000000014007ae68     libucrt:_file.obj
 0003:00002e74       _cflush                    000000014007ae74     libucrt:_file.obj
 0003:00002e78       __acrt_stdout_buffer       000000014007ae78     libucrt:_sftbuf.obj
 0003:00002e88       __acrt_stderr_buffer       000000014007ae88     libucrt:_sftbuf.obj
 0003:00002ea4       __scrt_ucrt_dll_is_in_use  000000014007aea4     <common>
 0003:00002eb0       __dyn_tls_dtor_callback    000000014007aeb0     <common>
 0003:00002ec8       __dyn_tls_init_callback    000000014007aec8     <common>
 0003:00002ee0       _pDestructExceptionObject  000000014007aee0     <common>
 0005:00000000       __imp_StretchDIBits        0000000140080000     gdi32:GDI32.dll
 0005:00000008       \177GDI32_NULL_THUNK_DATA  0000000140080008     gdi32:GDI32.dll
 0005:00000060       __imp_SetFilePointerEx     0000000140080060     kernel32:KERNEL32.dll
 0005:00000068       __imp_RaiseException       0000000140080068     kernel32:KERNEL32.dll
 0005:00000070       __imp_GetConsoleMode       0000000140080070     kernel32:KERNEL32.dll
 0005:00000078       __imp_GetConsoleCP         0000000140080078     kernel32:KERNEL32.dll
 0005:00000080       __imp_CreateFileW          0000000140080080     kernel32:KERNEL32.dll
 0005:00000088       __imp_HeapReAlloc          0000000140080088     kernel32:KERNEL32.dll
 0005:00000090       __imp_HeapSize             0000000140080090     kernel32:KERNEL32.dll
 0005:00000098       __imp_SetConsoleCtrlHandler 0000000140080098     kernel32:KERNEL32.dll
 0005:000000a0       __imp_GetProcessHeap       00000001400800a0     kernel32:KERNEL32.dll
 0005:000000a8       __imp_FlushFileBuffers     00000001400800a8     kernel32:KERNEL32.dll
 0005:000000b0       __imp_TlsSetValue          00000001400800b0     kernel32:KERNEL32.dll
 0005:000000b8       __imp_CreateFileA          00000001400800b8     kernel32:KERNEL32.dll
 0005:000000c0       __imp_GetFileSizeEx        00000001400800c0     kernel32:KERNEL32.dll
 0005:000000c8       __imp_ReadFile             00000001400800c8     kernel32:KERNEL32.dll
 0005:000000d0       __imp_WriteFile            00000001400800d0     kernel32:KERNEL32.dll
 0005:000000d8       __imp_OutputDebugStringA   00000001400800d8     kernel32:KERNEL32.dll
 0005:000000e0       __imp_CloseHandle          00000001400800e0     kernel32:KERNEL32.dll
 0005:000000e8       __imp_QueryPerformanceCounter 00000001400800e8     kernel32:KERNEL32.dll
 0005:000000f0       __imp_QueryPerformanceFrequency 00000001400800f0     kernel32:KERNEL32.dll
 0005:000000f8       __imp_VirtualAlloc         00000001400800f8     kernel32:KERNEL32.dll
 0005:00000100       __imp_VirtualFree          0000000140080100     kernel32:KERNEL32.dll
 0005:00000108       __imp_GetProcAddress       0000000140080108     kernel32:KERNEL32.dll
 0005:00000110       __imp_LoadLibraryA         0000000140080110     kernel32:KERNEL32.dll
 0005:00000118       __imp_RtlCaptureContext    0000000140080118     kernel32:KERNEL32.dll
 0005:00000120       __imp_RtlLookupFunctionEntry 0000000140080120     kernel32:KERNEL32.dll
 0005:00000128       __imp_RtlVirtualUnwind     0000000140080128     kernel32:KERNEL32.dll
 0005:00000130       __imp_UnhandledExceptionFilter 0000000140080130     kernel32:KERNEL32.dll
 0005:00000138       __imp_SetUnhandledExceptionFilter 0000000140080138     kernel32:KERNEL32.dll
 0005:00000140       __imp_GetCurrentProcess    0000000140080140     kernel32:KERNEL32.dll
 0005:00000148       __imp_TerminateProcess     0000000140080148     kernel32:KERNEL32.dll
 0005:00000150       __imp_IsProcessorFeaturePresent 0000000140080150     kernel32:KERNEL32.dll
 0005:00000158       __imp_GetCurrentProcessId  0000000140080158     kernel32:KERNEL32.dll
 0005:00000160       __imp_GetCurrentThreadId   0000000140080160     kernel32:KERNEL32.dll
 0005:00000168       __imp_GetSystemTimeAsFileTime 0000000140080168     kernel32:KERNEL32.dll
 0005:00000170       __imp_InitializeSListHead  0000000140080170     kernel32:KERNEL32.dll
 0005:00000178       __imp_IsDebuggerPresent    0000000140080178     kernel32:KERNEL32.dll
 0005:00000180       __imp_GetStartupInfoW      0000000140080180     kernel32:KERNEL32.dll
 0005:00000188       __imp_GetModuleHandleW     0000000140080188     kernel32:KERNEL32.dll
 0005:00000190       __imp_LCMapStringW         0000000140080190     kernel32:KERNEL32.dll
 0005:00000198       __imp_RtlUnwindEx          0000000140080198     kernel32:KERNEL32.dll
 0005:000001a0       __imp_InterlockedPushEntrySList 00000001400801a0     kernel32:KERNEL32.dll
 0005:000001a8       __imp_InterlockedFlushSList 00000001400801a8     kernel32:KERNEL32.dll
 0005:000001b0       __imp_GetLastError         00000001400801b0     kernel32:KERNEL32.dll
 0005:000001b8       __imp_SetLastError         00000001400801b8     kernel32:KERNEL32.dll
 0005:000001c0       __imp_EnterCriticalSection 00000001400801c0     kernel32:KERNEL32.dll
 0005:000001c8       __imp_LeaveCriticalSection 00000001400801c8     kernel32:KERNEL32.dll
 0005:000001d0       __imp_DeleteCriticalSection 00000001400801d0     kernel32:KERNEL32.dll
 0005:000001d8       __imp_InitializeCriticalSectionAndSpinCount 00000001400801d8     kernel32:KERNEL32.dll
 0005:000001e0       __imp_TlsAlloc             00000001400801e0     kernel32:KERNEL32.dll
 0005:000001e8       __imp_TlsGetValue          00000001400801e8     kernel32:KERNEL32.dll
 0005:000001f0       __imp_WriteConsoleW        00000001400801f0     kernel32:KERNEL32.dll
 0005:000001f8       __imp_TlsFree              00000001400801f8     kernel32:KERNEL32.dll
 0005:00000200       __imp_FreeLibrary          0000000140080200     kernel32:KERNEL32.dll
 0005:00000208       __imp_LoadLibraryExW       0000000140080208     kernel32:KERNEL32.dll
 0005:00000210       __imp_GetStdHandle         0000000140080210     kernel32:KERNEL32.dll
 0005:00000218       __imp_GetModuleFileNameW   0000000140080218     kernel32:KERNEL32.dll
 0005:00000220       __imp_GetModuleFileNameA   0000000140080220     kernel32:KERNEL32.dll
 0005:00000228       __imp_MultiByteToWideChar  0000000140080228     kernel32:KERNEL32.dll
 0005:00000230       __imp_WideCharToMultiByte  0000000140080230     kernel32:KERNEL32.dll
 0005:00000238       __imp_ExitProcess          0000000140080238     kernel32:KERNEL32.dll
 0005:00000240       __imp_GetModuleHandleExW   0000000140080240     kernel32:KERNEL32.dll
 0005:00000248       __imp_GetACP               0000000140080248     kernel32:KERNEL32.dll
 0005:00000250       __imp_HeapFree             0000000140080250     kernel32:KERNEL32.dll
 0005:00000258       __imp_HeapAlloc            0000000140080258     kernel32:KERNEL32.dll
 0005:00000260       __imp_GetCurrentThread     0000000140080260     kernel32:KERNEL32.dll
 0005:00000268       __imp_FindClose            0000000140080268     kernel32:KERNEL32.dll
 0005:00000270       __imp_FindFirstFileExA     0000000140080270     kernel32:KERNEL32.dll
 0005:00000278       __imp_FindFirstFileExW     0000000140080278     kernel32:KERNEL32.dll
 0005:00000280       __imp_FindNextFileA        0000000140080280     kernel32:KERNEL32.dll
 0005:00000288       __imp_FindNextFileW        0000000140080288     kernel32:KERNEL32.dll
 0005:00000290       __imp_IsValidCodePage      0000000140080290     kernel32:KERNEL32.dll
 0005:00000298       __imp_GetOEMCP             0000000140080298     kernel32:KERNEL32.dll
 0005:000002a0       __imp_GetCPInfo            00000001400802a0     kernel32:KERNEL32.dll
 0005:000002a8       __imp_GetCommandLineA      00000001400802a8     kernel32:KERNEL32.dll
 0005:000002b0       __imp_GetCommandLineW      00000001400802b0     kernel32:KERNEL32.dll
 0005:000002b8       __imp_GetEnvironmentStringsW 00000001400802b8     kernel32:KERNEL32.dll
 0005:000002c0       __imp_FreeEnvironmentStringsW 00000001400802c0     kernel32:KERNEL32.dll
 0005:000002c8       __imp_SetEnvironmentVariableA 00000001400802c8     kernel32:KERNEL32.dll
 0005:000002d0       __imp_SetEnvironmentVariableW 00000001400802d0     kernel32:KERNEL32.dll
 0005:000002d8       __imp_SetStdHandle         00000001400802d8     kernel32:KERNEL32.dll
 0005:000002e0       __imp_GetFileType          00000001400802e0     kernel32:KERNEL32.dll
 0005:000002e8       __imp_GetStringTypeW       00000001400802e8     kernel32:KERNEL32.dll
 0005:000002f0       __imp_GetLocaleInfoW       00000001400802f0     kernel32:KERNEL32.dll
 0005:000002f8       __imp_IsValidLocale        00000001400802f8     kernel32:KERNEL32.dll
 0005:00000300       __imp_GetUserDefaultLCID   0000000140080300     kernel32:KERNEL32.dll
 0005:00000308       __imp_EnumSystemLocalesW   0000000140080308     kernel32:KERNEL32.dll
 0005:00000310       __imp_OutputDebugStringW   0000000140080310     kernel32:KERNEL32.dll
 0005:00000318       __imp_GetDateFormatW       0000000140080318     kernel32:KERNEL32.dll
 0005:00000320       __imp_GetTimeFormatW       0000000140080320     kernel32:KERNEL32.dll
 0005:00000328       __imp_CompareStringW       0000000140080328     kernel32:KERNEL32.dll
 0005:00000330       \177KERNEL32_NULL_THUNK_DATA 0000000140080330     kernel32:KERNEL32.dll
 0005:00000418       __imp_DispatchMessageA     0000000140080418     user32:USER32.dll
 0005:00000420       __imp_GetClientRect        0000000140080420     user32:USER32.dll
 0005:00000428       __imp_EndPaint             0000000140080428     user32:USER32.dll
 0005:00000430       __imp_BeginPaint           0000000140080430     user32:USER32.dll
 0005:00000438       __imp_GetDC                0000000140080438     user32:USER32.dll
 0005:00000440       __imp_CreateWindowExA      0000000140080440     user32:USER32.dll
 0005:00000448       __imp_RegisterClassA       0000000140080448     user32:USER32.dll
 0005:00000450       __imp_DefWindowProcA       0000000140080450     user32:USER32.dll
 0005:00000458       __imp_PeekMessageA         0000000140080458     user32:USER32.dll
 0005:00000460       __imp_TranslateMessage     0000000140080460     user32:USER32.dll
 0005:00000468       \177USER32_NULL_THUNK_DATA 0000000140080468     user32:USER32.dll
 0005:000004d0       __IMPORT_DESCRIPTOR_USER32 00000001400804d0     user32:USER32.dll
 0005:000004e4       __IMPORT_DESCRIPTOR_GDI32  00000001400804e4     gdi32:GDI32.dll
 0005:000004f8       __IMPORT_DESCRIPTOR_KERNEL32 00000001400804f8     kernel32:KERNEL32.dll
 0005:0000050c       __NULL_IMPORT_DESCRIPTOR   000000014008050c     user32:USER32.dll
 0006:00000000       __guard_check_icall_fptr   0000000140082000     LIBCMT:guard_support.obj
 0006:00000010       __guard_dispatch_icall_fptr 0000000140082010     LIBCMT:guard_support.obj
 0006:00000020       __guard_ss_verify_failure_fptr 0000000140082020     LIBCMT:guard_support.obj
 0006:00000030       __guard_ss_verify_sp_fptr  0000000140082030     LIBCMT:guard_support.obj
